Archive member included because of file (symbol)

/home/jmbto/workspace/Lib_CMSISv1p30_LPC17xx/Debug/libCMSISv1p30_LPC17xx.a(system_LPC17xx.o)
                              ./src/cr_startup_lpc17.o (SystemInit)
/home/jmbto/workspace/Lib_EaBaseBoard/Debug/libLib_EaBaseBoard.a(light.o)
                              ./src/main.o (light_enable)
/home/jmbto/workspace/Lib_MCU/Debug/libLib_MCU.a(lpc17xx_gpio.o)
                              ./src/main.o (GPIO_SetDir)
/home/jmbto/workspace/Lib_MCU/Debug/libLib_MCU.a(lpc17xx_i2c.o)
                              ./src/main.o (I2C_Init)
/home/jmbto/workspace/Lib_MCU/Debug/libLib_MCU.a(lpc17xx_libcfg_default.o)
                              /home/jmbto/workspace/Lib_MCU/Debug/libLib_MCU.a(lpc17xx_i2c.o) (check_failed)
/home/jmbto/workspace/Lib_MCU/Debug/libLib_MCU.a(lpc17xx_pinsel.o)
                              ./src/main.o (PINSEL_ConfigPin)
/home/jmbto/workspace/Lib_MCU/Debug/libLib_MCU.a(lpc17xx_clkpwr.o)
                              /home/jmbto/workspace/Lib_MCU/Debug/libLib_MCU.a(lpc17xx_i2c.o) (CLKPWR_SetPCLKDiv)
/usr/local/lpcxpresso_7.3.0_186/lpcxpresso/tools/bin/../lib/gcc/arm-none-eabi/4.8.4/armv7-m/libgcc.a(_aeabi_uldivmod.o)
                              /home/jmbto/workspace/Lib_CMSISv1p30_LPC17xx/Debug/libCMSISv1p30_LPC17xx.a(system_LPC17xx.o) (__aeabi_uldivmod)
/usr/local/lpcxpresso_7.3.0_186/lpcxpresso/tools/bin/../lib/gcc/arm-none-eabi/4.8.4/armv7-m/libgcc.a(bpabi.o)
                              /usr/local/lpcxpresso_7.3.0_186/lpcxpresso/tools/bin/../lib/gcc/arm-none-eabi/4.8.4/armv7-m/libgcc.a(_aeabi_uldivmod.o) (__gnu_uldivmod_helper)
/usr/local/lpcxpresso_7.3.0_186/lpcxpresso/tools/bin/../lib/gcc/arm-none-eabi/4.8.4/armv7-m/libgcc.a(_dvmd_tls.o)
                              /usr/local/lpcxpresso_7.3.0_186/lpcxpresso/tools/bin/../lib/gcc/arm-none-eabi/4.8.4/armv7-m/libgcc.a(_aeabi_uldivmod.o) (__aeabi_ldiv0)
/usr/local/lpcxpresso_7.3.0_186/lpcxpresso/tools/bin/../lib/gcc/arm-none-eabi/4.8.4/armv7-m/libgcc.a(_divdi3.o)
                              /usr/local/lpcxpresso_7.3.0_186/lpcxpresso/tools/bin/../lib/gcc/arm-none-eabi/4.8.4/armv7-m/libgcc.a(bpabi.o) (__divdi3)
/usr/local/lpcxpresso_7.3.0_186/lpcxpresso/tools/bin/../lib/gcc/arm-none-eabi/4.8.4/armv7-m/libgcc.a(_udivdi3.o)
                              /usr/local/lpcxpresso_7.3.0_186/lpcxpresso/tools/bin/../lib/gcc/arm-none-eabi/4.8.4/armv7-m/libgcc.a(bpabi.o) (__udivdi3)
/usr/local/lpcxpresso_7.3.0_186/lpcxpresso/tools/bin/../lib/gcc/arm-none-eabi/4.8.4/../../../../arm-none-eabi/lib/armv7-m/libc.a(lib_a-printf.o)
                              ./src/main.o (printf)
/usr/local/lpcxpresso_7.3.0_186/lpcxpresso/tools/bin/../lib/gcc/arm-none-eabi/4.8.4/../../../../arm-none-eabi/lib/armv7-m/libc.a(lib_a-vfprintf.o)
                              /usr/local/lpcxpresso_7.3.0_186/lpcxpresso/tools/bin/../lib/gcc/arm-none-eabi/4.8.4/../../../../arm-none-eabi/lib/armv7-m/libc.a(lib_a-printf.o) (_vfprintf_r)
/usr/local/lpcxpresso_7.3.0_186/lpcxpresso/tools/bin/../lib/gcc/arm-none-eabi/4.8.4/../../../../arm-none-eabi/lib/armv7-m/libc.a(lib_a-wsetup.o)
                              /usr/local/lpcxpresso_7.3.0_186/lpcxpresso/tools/bin/../lib/gcc/arm-none-eabi/4.8.4/../../../../arm-none-eabi/lib/armv7-m/libc.a(lib_a-vfprintf.o) (__swsetup_r)
/usr/local/lpcxpresso_7.3.0_186/lpcxpresso/tools/bin/../lib/gcc/arm-none-eabi/4.8.4/../../../../arm-none-eabi/lib/armv7-m/libc.a(lib_a-dtoa.o)
                              /usr/local/lpcxpresso_7.3.0_186/lpcxpresso/tools/bin/../lib/gcc/arm-none-eabi/4.8.4/../../../../arm-none-eabi/lib/armv7-m/libc.a(lib_a-vfprintf.o) (_dtoa_r)
/usr/local/lpcxpresso_7.3.0_186/lpcxpresso/tools/bin/../lib/gcc/arm-none-eabi/4.8.4/../../../../arm-none-eabi/lib/armv7-m/libc.a(lib_a-fflush.o)
                              /usr/local/lpcxpresso_7.3.0_186/lpcxpresso/tools/bin/../lib/gcc/arm-none-eabi/4.8.4/../../../../arm-none-eabi/lib/armv7-m/libc.a(lib_a-vfprintf.o) (_fflush_r)
/usr/local/lpcxpresso_7.3.0_186/lpcxpresso/tools/bin/../lib/gcc/arm-none-eabi/4.8.4/../../../../arm-none-eabi/lib/armv7-m/libc.a(lib_a-findfp.o)
                              /usr/local/lpcxpresso_7.3.0_186/lpcxpresso/tools/bin/../lib/gcc/arm-none-eabi/4.8.4/../../../../arm-none-eabi/lib/armv7-m/libc.a(lib_a-vfprintf.o) (__sinit)
/usr/local/lpcxpresso_7.3.0_186/lpcxpresso/tools/bin/../lib/gcc/arm-none-eabi/4.8.4/../../../../arm-none-eabi/lib/armv7-m/libc.a(lib_a-freer.o)
                              /usr/local/lpcxpresso_7.3.0_186/lpcxpresso/tools/bin/../lib/gcc/arm-none-eabi/4.8.4/../../../../arm-none-eabi/lib/armv7-m/libc.a(lib_a-wsetup.o) (_free_r)
/usr/local/lpcxpresso_7.3.0_186/lpcxpresso/tools/bin/../lib/gcc/arm-none-eabi/4.8.4/../../../../arm-none-eabi/lib/armv7-m/libc.a(lib_a-fwalk.o)
                              /usr/local/lpcxpresso_7.3.0_186/lpcxpresso/tools/bin/../lib/gcc/arm-none-eabi/4.8.4/../../../../arm-none-eabi/lib/armv7-m/libc.a(lib_a-findfp.o) (_fwalk)
[...]
Memory Configuration

Name             Origin             Length             Attributes
MFlash512        0x00000000         0x00080000         xr
RamLoc32         0x10000000         0x00008000         xrw
RamAHB32         0x2007c000         0x00008000         xrw
*default*        0x00000000         0xffffffff

Linker script and memory map

LOAD ./src/cr_startup_lpc17.o
LOAD ./src/main.o
LOAD /home/jmbto/workspace/Lib_CMSISv1p30_LPC17xx/Debug/libCMSISv1p30_LPC17xx.a
LOAD /home/jmbto/workspace/Lib_EaBaseBoard/Debug/libLib_EaBaseBoard.a
LOAD /home/jmbto/workspace/Lib_MCU/Debug/libLib_MCU.a
START GROUP
LOAD /usr/local/lpcxpresso_7.3.0_186/lpcxpresso/tools/bin/../lib/gcc/arm-none-eabi/4.8.4/armv7-m/libgcc.a
LOAD /usr/local/lpcxpresso_7.3.0_186/lpcxpresso/tools/bin/../lib/gcc/arm-none-eabi/4.8.4/../../../../arm-none-eabi/lib/armv7-m/libc.a
LOAD /usr/local/lpcxpresso_7.3.0_186/lpcxpresso/tools/bin/../lib/gcc/arm-none-eabi/4.8.4/../../../../arm-none-eabi/lib/armv7-m/libm.a
LOAD /usr/local/lpcxpresso_7.3.0_186/lpcxpresso/tools/bin/../lib/gcc/arm-none-eabi/4.8.4/../../../../arm-none-eabi/lib/armv7-m/libcr_newlib_semihost.a
END GROUP
                0x00080000                __top_MFlash512 = 0x80000
                0x10008000                __top_RamLoc32 = 0x10008000
                0x20084000                __top_RamAHB32 = 0x20084000

.text           0x00000000     0x6920
 FILL mask 0xff
                0x00000000                __vectors_start__ = ABSOLUTE (.)
 *(.isr_vector)
 .isr_vector    0x00000000       0xcc ./src/cr_startup_lpc17.o
                0x00000000                g_pfnVectors
                0x000000cc                . = ALIGN (0x4)
                0x000000cc                __section_table_start = .
                0x000000cc                __data_section_table = .
                0x000000cc        0x4 LONG 0x6928 LOADADDR (.data)
                0x000000d0        0x4 LONG 0x10000000 ADDR (.data)
                0x000000d4        0x4 LONG 0x8ac SIZEOF (.data)
                0x000000d8        0x4 LONG 0x6928 LOADADDR (.data_RAM2)
                0x000000dc        0x4 LONG 0x2007c000 ADDR (.data_RAM2)
                0x000000e0        0x4 LONG 0x0 SIZEOF (.data_RAM2)
                0x000000e4                __data_section_table_end = .
                0x000000e4                __bss_section_table = .
                0x000000e4        0x4 LONG 0x100008ac ADDR (.bss)
                0x000000e8        0x4 LONG 0x9c SIZEOF (.bss)
                0x000000ec        0x4 LONG 0x2007c000 ADDR (.bss_RAM2)
                0x000000f0        0x4 LONG 0x0 SIZEOF (.bss_RAM2)
                0x000000f4                __bss_section_table_end = .
                0x000000f4                __section_table_end = .
 *(.after_vectors*)
 *(.text*)
 .text.ResetISR
                0x000000f4       0x5c ./src/cr_startup_lpc17.o
                0x000000f4                ResetISR
 .text.NMI_Handler
                0x00000150        0x8 ./src/cr_startup_lpc17.o
                0x00000150                NMI_Handler
 .text.HardFault_Handler
                0x00000158        0x8 ./src/cr_startup_lpc17.o
                0x00000158                HardFault_Handler
 .text.MemManage_Handler
                0x00000160        0x8 ./src/cr_startup_lpc17.o
                0x00000160                MemManage_Handler
 .text.BusFault_Handler
                0x00000168        0x8 ./src/cr_startup_lpc17.o
                0x00000168                BusFault_Handler
 .text.UsageFault_Handler
                0x00000170        0x8 ./src/cr_startup_lpc17.o
                0x00000170                UsageFault_Handler
 .text.SVCall_Handler
                0x00000178        0x8 ./src/cr_startup_lpc17.o
                0x00000178                SVCall_Handler
 .text.DebugMon_Handler
                0x00000180        0x8 ./src/cr_startup_lpc17.o
                0x00000180                DebugMon_Handler
 .text.PendSV_Handler
                0x00000188        0x8 ./src/cr_startup_lpc17.o
                0x00000188                PendSV_Handler
 .text.IntDefaultHandler
                0x00000190        0x8 ./src/cr_startup_lpc17.o
                0x00000190                TIMER2_IRQHandler
                0x00000190                RIT_IRQHandler
                0x00000190                I2C0_IRQHandler
                0x00000190                USBActivity_IRQHandler
                0x00000190                PWM1_IRQHandler
                0x00000190                I2C1_IRQHandler
                0x00000190                EINT2_IRQHandler
                0x00000190                UART1_IRQHandler
                0x00000190                CANActivity_IRQHandler
                0x00000190                TIMER3_IRQHandler
                0x00000190                UART0_IRQHandler
                0x00000190                IntDefaultHandler
                0x00000190                PLL0_IRQHandler
                0x00000190                CAN_IRQHandler
                0x00000190                PLL1_IRQHandler
                0x00000190                SSP0_IRQHandler
                0x00000190                I2S_IRQHandler
                0x00000190                I2C2_IRQHandler
                0x00000190                RTC_IRQHandler
                0x00000190                TIMER0_IRQHandler
                0x00000190                SPI_IRQHandler
                0x00000190                EINT1_IRQHandler
                0x00000190                TIMER1_IRQHandler
                0x00000190                UART2_IRQHandler
                0x00000190                ADC_IRQHandler
                0x00000190                SSP1_IRQHandler
                0x00000190                USB_IRQHandler
                0x00000190                BOD_IRQHandler
                0x00000190                WDT_IRQHandler
                0x00000190                QEI_IRQHandler
                0x00000190                EINT0_IRQHandler
                0x00000190                DMA_IRQHandler
                0x00000190                UART3_IRQHandler
                0x00000190                MCPWM_IRQHandler
                0x00000190                ENET_IRQHandler
 .text.NVIC_EnableIRQ
                0x00000198       0x30 ./src/main.o
 .text.NVIC_SetPriority
                0x000001c8       0x54 ./src/main.o
 .text.SysTick_Config
                0x0000021c       0x44 ./src/main.o
 .text.EINT3_IRQHandler
                0x00000260       0x34 ./src/main.o
                0x00000260                EINT3_IRQHandler
 .text.SysTick_Handler
                0x00000294       0x1c ./src/main.o
                0x00000294                SysTick_Handler
 .text.init_i2c
                0x000002b0       0x44 ./src/main.o
 .text.init_GPIO
                0x000002f4       0x10 ./src/main.o
                0x000002f4                init_GPIO
 .text.main     0x00000304       0x90 ./src/main.o
                0x00000304                main
 .text.SystemInit
                0x00000394       0xec /home/jmbto/workspace/Lib_CMSISv1p30_LPC17xx/Debug/libCMSISv1p30_LPC17xx.a(system_LPC17xx.o)
                0x00000394                SystemInit
 .text.I2CWrite
                0x00000480       0x34 /home/jmbto/workspace/Lib_EaBaseBoard/Debug/libLib_EaBaseBoard.a(light.o)
 .text.I2CRead  0x000004b4       0x34 /home/jmbto/workspace/Lib_EaBaseBoard/Debug/libLib_EaBaseBoard.a(light.o)
 .text.readControlReg
                0x000004e8       0x28 /home/jmbto/workspace/Lib_EaBaseBoard/Debug/libLib_EaBaseBoard.a(light.o)
 .text.light_enable
                0x00000510       0x34 /home/jmbto/workspace/Lib_EaBaseBoard/Debug/libLib_EaBaseBoard.a(light.o)
                0x00000510                light_enable
 .text.light_read
                0x00000544       0x5c /home/jmbto/workspace/Lib_EaBaseBoard/Debug/libLib_EaBaseBoard.a(light.o)
                0x00000544                light_read
 .text.light_setRange
                0x000005a0       0x60 /home/jmbto/workspace/Lib_EaBaseBoard/Debug/libLib_EaBaseBoard.a(light.o)
                0x000005a0                light_setRange
 .text.light_setHiThreshold
                0x00000600       0x30 /home/jmbto/workspace/Lib_EaBaseBoard/Debug/libLib_EaBaseBoard.a(light.o)
                0x00000600                light_setHiThreshold
 .text.light_setLoThreshold
                0x00000630       0x34 /home/jmbto/workspace/Lib_EaBaseBoard/Debug/libLib_EaBaseBoard.a(light.o)
                0x00000630                light_setLoThreshold
 .text.light_clearIrqStatus
                0x00000664       0x28 /home/jmbto/workspace/Lib_EaBaseBoard/Debug/libLib_EaBaseBoard.a(light.o)
                0x00000664                light_clearIrqStatus
 .text.GPIO_GetPointer
                0x0000068c       0x3c /home/jmbto/workspace/Lib_MCU/Debug/libLib_MCU.a(lpc17xx_gpio.o)
 .text.GPIO_SetDir
                0x000006c8       0x20 /home/jmbto/workspace/Lib_MCU/Debug/libLib_MCU.a(lpc17xx_gpio.o)
                0x000006c8                GPIO_SetDir
 .text.I2C_getNum
                0x000006e8       0x2c /home/jmbto/workspace/Lib_MCU/Debug/libLib_MCU.a(lpc17xx_i2c.o)
 .text.I2C_Start
                0x00000714       0x1c /home/jmbto/workspace/Lib_MCU/Debug/libLib_MCU.a(lpc17xx_i2c.o)
 .text.I2C_Stop
                0x00000730       0x18 /home/jmbto/workspace/Lib_MCU/Debug/libLib_MCU.a(lpc17xx_i2c.o)
 .text.I2C_SendByte
                0x00000748       0x24 /home/jmbto/workspace/Lib_MCU/Debug/libLib_MCU.a(lpc17xx_i2c.o)
 .text.I2C_GetByte
                0x0000076c       0x28 /home/jmbto/workspace/Lib_MCU/Debug/libLib_MCU.a(lpc17xx_i2c.o)
 .text.I2C_IntCmd
                0x00000794       0x78 /home/jmbto/workspace/Lib_MCU/Debug/libLib_MCU.a(lpc17xx_i2c.o)
                0x00000794                I2C_IntCmd
 .text.I2C_MasterHandler
                0x0000080c      0x1e4 /home/jmbto/workspace/Lib_MCU/Debug/libLib_MCU.a(lpc17xx_i2c.o)
                0x0000080c                I2C_MasterHandler
 .text.I2C_SetClock
                0x000009f0       0x78 /home/jmbto/workspace/Lib_MCU/Debug/libLib_MCU.a(lpc17xx_i2c.o)
                0x000009f0                I2C_SetClock
 .text.I2C_Init
                0x00000a68       0x90 /home/jmbto/workspace/Lib_MCU/Debug/libLib_MCU.a(lpc17xx_i2c.o)
                0x00000a68                I2C_Init
 .text.I2C_Cmd  0x00000af8       0x4c /home/jmbto/workspace/Lib_MCU/Debug/libLib_MCU.a(lpc17xx_i2c.o)
                0x00000af8                I2C_Cmd
 .text.I2C_MasterTransferData
                0x00000b44      0x1cc /home/jmbto/workspace/Lib_MCU/Debug/libLib_MCU.a(lpc17xx_i2c.o)
                0x00000b44                I2C_MasterTransferData
 .text.check_failed
                0x00000d10        0x4 /home/jmbto/workspace/Lib_MCU/Debug/libLib_MCU.a(lpc17xx_libcfg_default.o)
                0x00000d10                check_failed
 .text.PINSEL_SetPinFunc
                0x00000d14       0x38 /home/jmbto/workspace/Lib_MCU/Debug/libLib_MCU.a(lpc17xx_pinsel.o)
                0x00000d14                PINSEL_SetPinFunc
 .text.PINSEL_SetResistorMode
                0x00000d4c       0x34 /home/jmbto/workspace/Lib_MCU/Debug/libLib_MCU.a(lpc17xx_pinsel.o)
                0x00000d4c                PINSEL_SetResistorMode
 .text.PINSEL_SetOpenDrainMode
                0x00000d80       0x30 /home/jmbto/workspace/Lib_MCU/Debug/libLib_MCU.a(lpc17xx_pinsel.o)
                0x00000d80                PINSEL_SetOpenDrainMode
 .text.PINSEL_ConfigPin
                0x00000db0       0x24 /home/jmbto/workspace/Lib_MCU/Debug/libLib_MCU.a(lpc17xx_pinsel.o)
                0x00000db0                PINSEL_ConfigPin
 .text.CLKPWR_SetPCLKDiv
                0x00000dd4       0x60 /home/jmbto/workspace/Lib_MCU/Debug/libLib_MCU.a(lpc17xx_clkpwr.o)
                0x00000dd4                CLKPWR_SetPCLKDiv
 .text.CLKPWR_GetPCLKSEL
                0x00000e34       0x24 /home/jmbto/workspace/Lib_MCU/Debug/libLib_MCU.a(lpc17xx_clkpwr.o)
                0x00000e34                CLKPWR_GetPCLKSEL
 .text.CLKPWR_GetPCLK
                0x00000e58       0x28 /home/jmbto/workspace/Lib_MCU/Debug/libLib_MCU.a(lpc17xx_clkpwr.o)
                0x00000e58                CLKPWR_GetPCLK
 .text.CLKPWR_ConfigPPWR
                0x00000e80       0x34 /home/jmbto/workspace/Lib_MCU/Debug/libLib_MCU.a(lpc17xx_clkpwr.o)
                0x00000e80                CLKPWR_ConfigPPWR
 .text          0x00000eb4       0x2c /usr/local/lpcxpresso_7.3.0_186/lpcxpresso/tools/bin/../lib/gcc/arm-none-eabi/4.8.4/armv7-m/libgcc.a(_aeabi_uldivmod.o)
                0x00000eb4                __aeabi_uldivmod
 .text          0x00000ee0       0x60 /usr/local/lpcxpresso_7.3.0_186/lpcxpresso/tools/bin/../lib/gcc/arm-none-eabi/4.8.4/armv7-m/libgcc.a(bpabi.o)
                0x00000ee0                __gnu_ldivmod_helper
                0x00000f10                __gnu_uldivmod_helper
 .text          0x00000f40        0x4 /usr/local/lpcxpresso_7.3.0_186/lpcxpresso/tools/bin/../lib/gcc/arm-none-eabi/4.8.4/armv7-m/libgcc.a(_dvmd_tls.o)
                0x00000f40                __aeabi_ldiv0
                0x00000f40                __aeabi_idiv0
 .text          0x00000f44      0x2a0 /usr/local/lpcxpresso_7.3.0_186/lpcxpresso/tools/bin/../lib/gcc/arm-none-eabi/4.8.4/armv7-m/libgcc.a(_divdi3.o)
                0x00000f44                __divdi3
 .text          0x000011e4      0x290 /usr/local/lpcxpresso_7.3.0_186/lpcxpresso/tools/bin/../lib/gcc/arm-none-eabi/4.8.4/armv7-m/libgcc.a(_udivdi3.o)
                0x000011e4                __udivdi3
 .text.printf   0x00001474       0x28 /usr/local/lpcxpresso_7.3.0_186/lpcxpresso/tools/bin/../lib/gcc/arm-none-eabi/4.8.4/../../../../arm-none-eabi/lib/armv7-m/libc.a(lib_a-printf.o)
                0x00001474                printf
 .text._vfprintf_r
                0x0000149c     0x1524 /usr/local/lpcxpresso_7.3.0_186/lpcxpresso/tools/bin/../lib/gcc/arm-none-eabi/4.8.4/../../../../arm-none-eabi/lib/armv7-m/libc.a(lib_a-vfprintf.o)
                0x0000149c                _vfprintf_r
 .text.__sbprintf
                0x000029c0       0x7c /usr/local/lpcxpresso_7.3.0_186/lpcxpresso/tools/bin/../lib/gcc/arm-none-eabi/4.8.4/../../../../arm-none-eabi/lib/armv7-m/libc.a(lib_a-vfprintf.o)
 .text.__swsetup_r
                0x00002a3c       0xc4 /usr/local/lpcxpresso_7.3.0_186/lpcxpresso/tools/bin/../lib/gcc/arm-none-eabi/4.8.4/../../../../arm-none-eabi/lib/armv7-m/libc.a(lib_a-wsetup.o)
                0x00002a3c                __swsetup_r
 .text.quorem   0x00002b00      0x134 /usr/local/lpcxpresso_7.3.0_186/lpcxpresso/tools/bin/../lib/gcc/arm-none-eabi/4.8.4/../../../../arm-none-eabi/lib/armv7-m/libc.a(lib_a-dtoa.o)
 *fill*         0x00002c34        0x4 
 .text._dtoa_r  0x00002c38      0xe38 /usr/local/lpcxpresso_7.3.0_186/lpcxpresso/tools/bin/../lib/gcc/arm-none-eabi/4.8.4/../../../../arm-none-eabi/lib/armv7-m/libc.a(lib_a-dtoa.o)
                0x00002c38                _dtoa_r
 .text.__sflush_r
                0x00003a70      0x148 /usr/local/lpcxpresso_7.3.0_186/lpcxpresso/tools/bin/../lib/gcc/arm-none-eabi/4.8.4/../../../../arm-none-eabi/lib/armv7-m/libc.a(lib_a-fflush.o)
                0x00003a70                __sflush_r
 .text._fflush_r
                0x00003bb8       0x2c /usr/local/lpcxpresso_7.3.0_186/lpcxpresso/tools/bin/../lib/gcc/arm-none-eabi/4.8.4/../../../../arm-none-eabi/lib/armv7-m/libc.a(lib_a-fflush.o)
                0x00003bb8                _fflush_r
 .text._cleanup_r
                0x00003be4        0xc /usr/local/lpcxpresso_7.3.0_186/lpcxpresso/tools/bin/../lib/gcc/arm-none-eabi/4.8.4/../../../../arm-none-eabi/lib/armv7-m/libc.a(lib_a-findfp.o)
                0x00003be4                _cleanup_r
 .text.__sinit  0x00003bf0       0xf4 /usr/local/lpcxpresso_7.3.0_186/lpcxpresso/tools/bin/../lib/gcc/arm-none-eabi/4.8.4/../../../../arm-none-eabi/lib/armv7-m/libc.a(lib_a-findfp.o)
                0x00003bf0                __sinit
 .text.__sfp_lock_acquire
                0x00003ce4        0x4 /usr/local/lpcxpresso_7.3.0_186/lpcxpresso/tools/bin/../lib/gcc/arm-none-eabi/4.8.4/../../../../arm-none-eabi/lib/armv7-m/libc.a(lib_a-findfp.o)
                0x00003ce4                __sfp_lock_acquire
 .text.__sfp_lock_release
                0x00003ce8        0x4 /usr/local/lpcxpresso_7.3.0_186/lpcxpresso/tools/bin/../lib/gcc/arm-none-eabi/4.8.4/../../../../arm-none-eabi/lib/armv7-m/libc.a(lib_a-findfp.o)
                0x00003ce8                __sfp_lock_release
 .text._malloc_trim_r
                0x00003cec       0x9c /usr/local/lpcxpresso_7.3.0_186/lpcxpresso/tools/bin/../lib/gcc/arm-none-eabi/4.8.4/../../../../arm-none-eabi/lib/armv7-m/libc.a(lib_a-freer.o)
                0x00003cec                _malloc_trim_r
 .text._free_r  0x00003d88      0x198 /usr/local/lpcxpresso_7.3.0_186/lpcxpresso/tools/bin/../lib/gcc/arm-none-eabi/4.8.4/../../../../arm-none-eabi/lib/armv7-m/libc.a(lib_a-freer.o)
                0x00003d88                _free_r
 .text._fwalk   0x00003f20       0x48 /usr/local/lpcxpresso_7.3.0_186/lpcxpresso/tools/bin/../lib/gcc/arm-none-eabi/4.8.4/../../../../arm-none-eabi/lib/armv7-m/libc.a(lib_a-fwalk.o)
                0x00003f20                _fwalk
 .text.__locale_charset
                0x00003f68        0x8 /usr/local/lpcxpresso_7.3.0_186/lpcxpresso/tools/bin/../lib/gcc/arm-none-eabi/4.8.4/../../../../arm-none-eabi/lib/armv7-m/libc.a(lib_a-locale.o)
                0x00003f68                __locale_charset
 .text.__locale_mb_cur_max
                0x00003f70        0xc /usr/local/lpcxpresso_7.3.0_186/lpcxpresso/tools/bin/../lib/gcc/arm-none-eabi/4.8.4/../../../../arm-none-eabi/lib/armv7-m/libc.a(lib_a-locale.o)
                0x00003f70                __locale_mb_cur_max
 .text._localeconv_r
                0x00003f7c        0x8 /usr/local/lpcxpresso_7.3.0_186/lpcxpresso/tools/bin/../lib/gcc/arm-none-eabi/4.8.4/../../../../arm-none-eabi/lib/armv7-m/libc.a(lib_a-locale.o)
                0x00003f7c                _localeconv_r
 .text.__smakebuf_r
                0x00003f84       0xe0 /usr/local/lpcxpresso_7.3.0_186/lpcxpresso/tools/bin/../lib/gcc/arm-none-eabi/4.8.4/../../../../arm-none-eabi/lib/armv7-m/libc.a(lib_a-makebuf.o)
                0x00003f84                __smakebuf_r
 .text._malloc_r
                0x00004064      0x538 /usr/local/lpcxpresso_7.3.0_186/lpcxpresso/tools/bin/../lib/gcc/arm-none-eabi/4.8.4/../../../../arm-none-eabi/lib/armv7-m/libc.a(lib_a-mallocr.o)
                0x00004064                _malloc_r
 .text.memchr   0x0000459c       0x94 /usr/local/lpcxpresso_7.3.0_186/lpcxpresso/tools/bin/../lib/gcc/arm-none-eabi/4.8.4/../../../../arm-none-eabi/lib/armv7-m/libc.a(lib_a-memchr-stub.o)
                0x0000459c                memchr
 .text          0x00004630       0xec /usr/local/lpcxpresso_7.3.0_186/lpcxpresso/tools/bin/../lib/gcc/arm-none-eabi/4.8.4/../../../../arm-none-eabi/lib/armv7-m/libc.a(lib_a-memcpy.o)
                0x00004630                memcpy
 .text.memset   0x0000471c       0x94 /usr/local/lpcxpresso_7.3.0_186/lpcxpresso/tools/bin/../lib/gcc/arm-none-eabi/4.8.4/../../../../arm-none-eabi/lib/armv7-m/libc.a(lib_a-memset.o)
                0x0000471c                memset
 .text.__malloc_lock
                0x000047b0        0x4 /usr/local/lpcxpresso_7.3.0_186/lpcxpresso/tools/bin/../lib/gcc/arm-none-eabi/4.8.4/../../../../arm-none-eabi/lib/armv7-m/libc.a(lib_a-mlock.o)
                0x000047b0                __malloc_lock
 .text.__malloc_unlock
                0x000047b4        0x4 /usr/local/lpcxpresso_7.3.0_186/lpcxpresso/tools/bin/../lib/gcc/arm-none-eabi/4.8.4/../../../../arm-none-eabi/lib/armv7-m/libc.a(lib_a-mlock.o)
                0x000047b4                __malloc_unlock
 .text._Balloc  0x000047b8       0x4c /usr/local/lpcxpresso_7.3.0_186/lpcxpresso/tools/bin/../lib/gcc/arm-none-eabi/4.8.4/../../../../arm-none-eabi/lib/armv7-m/libc.a(lib_a-mprec.o)
                0x000047b8                _Balloc
 .text._Bfree   0x00004804       0x14 /usr/local/lpcxpresso_7.3.0_186/lpcxpresso/tools/bin/../lib/gcc/arm-none-eabi/4.8.4/../../../../arm-none-eabi/lib/armv7-m/libc.a(lib_a-mprec.o)
                0x00004804                _Bfree
 .text.__multadd
                0x00004818       0x94 /usr/local/lpcxpresso_7.3.0_186/lpcxpresso/tools/bin/../lib/gcc/arm-none-eabi/4.8.4/../../../../arm-none-eabi/lib/armv7-m/libc.a(lib_a-mprec.o)
                0x00004818                __multadd
 .text.__hi0bits
                0x000048ac       0x40 /usr/local/lpcxpresso_7.3.0_186/lpcxpresso/tools/bin/../lib/gcc/arm-none-eabi/4.8.4/../../../../arm-none-eabi/lib/armv7-m/libc.a(lib_a-mprec.o)
                0x000048ac                __hi0bits
 .text.__lo0bits
                0x000048ec       0x5c /usr/local/lpcxpresso_7.3.0_186/lpcxpresso/tools/bin/../lib/gcc/arm-none-eabi/4.8.4/../../../../arm-none-eabi/lib/armv7-m/libc.a(lib_a-mprec.o)
                0x000048ec                __lo0bits
 .text.__i2b    0x00004948       0x14 /usr/local/lpcxpresso_7.3.0_186/lpcxpresso/tools/bin/../lib/gcc/arm-none-eabi/4.8.4/../../../../arm-none-eabi/lib/armv7-m/libc.a(lib_a-mprec.o)
                0x00004948                __i2b
 .text.__multiply
                0x0000495c      0x13c /usr/local/lpcxpresso_7.3.0_186/lpcxpresso/tools/bin/../lib/gcc/arm-none-eabi/4.8.4/../../../../arm-none-eabi/lib/armv7-m/libc.a(lib_a-mprec.o)
                0x0000495c                __multiply
 .text.__pow5mult
                0x00004a98       0x9c /usr/local/lpcxpresso_7.3.0_186/lpcxpresso/tools/bin/../lib/gcc/arm-none-eabi/4.8.4/../../../../arm-none-eabi/lib/armv7-m/libc.a(lib_a-mprec.o)
                0x00004a98                __pow5mult
 .text.__lshift
                0x00004b34       0xbc /usr/local/lpcxpresso_7.3.0_186/lpcxpresso/tools/bin/../lib/gcc/arm-none-eabi/4.8.4/../../../../arm-none-eabi/lib/armv7-m/libc.a(lib_a-mprec.o)
                0x00004b34                __lshift
 .text.__mcmp   0x00004bf0       0x48 /usr/local/lpcxpresso_7.3.0_186/lpcxpresso/tools/bin/../lib/gcc/arm-none-eabi/4.8.4/../../../../arm-none-eabi/lib/armv7-m/libc.a(lib_a-mprec.o)
                0x00004bf0                __mcmp
 .text.__mdiff  0x00004c38       0xd8 /usr/local/lpcxpresso_7.3.0_186/lpcxpresso/tools/bin/../lib/gcc/arm-none-eabi/4.8.4/../../../../arm-none-eabi/lib/armv7-m/libc.a(lib_a-mprec.o)
                0x00004c38                __mdiff
 .text.__d2b    0x00004d10       0xbc /usr/local/lpcxpresso_7.3.0_186/lpcxpresso/tools/bin/../lib/gcc/arm-none-eabi/4.8.4/../../../../arm-none-eabi/lib/armv7-m/libc.a(lib_a-mprec.o)
                0x00004d10                __d2b
 .text.__fpclassifyd
                0x00004dcc       0x50 /usr/local/lpcxpresso_7.3.0_186/lpcxpresso/tools/bin/../lib/gcc/arm-none-eabi/4.8.4/../../../../arm-none-eabi/lib/armv7-m/libc.a(lib_a-s_fpclassify.o)
                0x00004dcc                __fpclassifyd
 .text._sbrk_r  0x00004e1c       0x24 /usr/local/lpcxpresso_7.3.0_186/lpcxpresso/tools/bin/../lib/gcc/arm-none-eabi/4.8.4/../../../../arm-none-eabi/lib/armv7-m/libc.a(lib_a-sbrkr.o)
                0x00004e1c                _sbrk_r
 .text.__sread  0x00004e40       0x24 /usr/local/lpcxpresso_7.3.0_186/lpcxpresso/tools/bin/../lib/gcc/arm-none-eabi/4.8.4/../../../../arm-none-eabi/lib/armv7-m/libc.a(lib_a-stdio.o)
                0x00004e40                __sread
 .text.__swrite
                0x00004e64       0x38 /usr/local/lpcxpresso_7.3.0_186/lpcxpresso/tools/bin/../lib/gcc/arm-none-eabi/4.8.4/../../../../arm-none-eabi/lib/armv7-m/libc.a(lib_a-stdio.o)
                0x00004e64                __swrite
 .text.__sseek  0x00004e9c       0x20 /usr/local/lpcxpresso_7.3.0_186/lpcxpresso/tools/bin/../lib/gcc/arm-none-eabi/4.8.4/../../../../arm-none-eabi/lib/armv7-m/libc.a(lib_a-stdio.o)
                0x00004e9c                __sseek
 .text.__sclose
                0x00004ebc        0x8 /usr/local/lpcxpresso_7.3.0_186/lpcxpresso/tools/bin/../lib/gcc/arm-none-eabi/4.8.4/../../../../arm-none-eabi/lib/armv7-m/libc.a(lib_a-stdio.o)
                0x00004ebc                __sclose
 .text.strlen   0x00004ec4       0x60 /usr/local/lpcxpresso_7.3.0_186/lpcxpresso/tools/bin/../lib/gcc/arm-none-eabi/4.8.4/../../../../arm-none-eabi/lib/armv7-m/libc.a(lib_a-strlen.o)
                0x00004ec4                strlen
 .text.__sprint_r.part.0
                0x00004f24       0x78 /usr/local/lpcxpresso_7.3.0_186/lpcxpresso/tools/bin/../lib/gcc/arm-none-eabi/4.8.4/../../../../arm-none-eabi/lib/armv7-m/libc.a(lib_a-vfiprintf.o)
 .text.__sprint_r
                0x00004f9c       0x18 /usr/local/lpcxpresso_7.3.0_186/lpcxpresso/tools/bin/../lib/gcc/arm-none-eabi/4.8.4/../../../../arm-none-eabi/lib/armv7-m/libc.a(lib_a-vfiprintf.o)
                0x00004f9c                __sprint_r
 .text._write_r
                0x00004fb4       0x28 /usr/local/lpcxpresso_7.3.0_186/lpcxpresso/tools/bin/../lib/gcc/arm-none-eabi/4.8.4/../../../../arm-none-eabi/lib/armv7-m/libc.a(lib_a-writer.o)
                0x00004fb4                _write_r
 .text._calloc_r
                0x00004fdc       0x60 /usr/local/lpcxpresso_7.3.0_186/lpcxpresso/tools/bin/../lib/gcc/arm-none-eabi/4.8.4/../../../../arm-none-eabi/lib/armv7-m/libc.a(lib_a-callocr.o)
                0x00004fdc                _calloc_r
 .text._close_r
                0x0000503c       0x24 /usr/local/lpcxpresso_7.3.0_186/lpcxpresso/tools/bin/../lib/gcc/arm-none-eabi/4.8.4/../../../../arm-none-eabi/lib/armv7-m/libc.a(lib_a-closer.o)
                0x0000503c                _close_r
 .text._fclose_r
                0x00005060       0x80 /usr/local/lpcxpresso_7.3.0_186/lpcxpresso/tools/bin/../lib/gcc/arm-none-eabi/4.8.4/../../../../arm-none-eabi/lib/armv7-m/libc.a(lib_a-fclose.o)
                0x00005060                _fclose_r
 .text.fclose   0x000050e0       0x10 /usr/local/lpcxpresso_7.3.0_186/lpcxpresso/tools/bin/../lib/gcc/arm-none-eabi/4.8.4/../../../../arm-none-eabi/lib/armv7-m/libc.a(lib_a-fclose.o)
                0x000050e0                fclose
 .text._fputwc_r
                0x000050f0       0xc0 /usr/local/lpcxpresso_7.3.0_186/lpcxpresso/tools/bin/../lib/gcc/arm-none-eabi/4.8.4/../../../../arm-none-eabi/lib/armv7-m/libc.a(lib_a-fputwc.o)
                0x000050f0                _fputwc_r
 .text._fstat_r
                0x000051b0       0x28 /usr/local/lpcxpresso_7.3.0_186/lpcxpresso/tools/bin/../lib/gcc/arm-none-eabi/4.8.4/../../../../arm-none-eabi/lib/armv7-m/libc.a(lib_a-fstatr.o)
                0x000051b0                _fstat_r
 .text.__sfvwrite_r
                0x000051d8      0x318 /usr/local/lpcxpresso_7.3.0_186/lpcxpresso/tools/bin/../lib/gcc/arm-none-eabi/4.8.4/../../../../arm-none-eabi/lib/armv7-m/libc.a(lib_a-fvwrite.o)
                0x000051d8                __sfvwrite_r
 .text._isatty_r
                0x000054f0       0x24 /usr/local/lpcxpresso_7.3.0_186/lpcxpresso/tools/bin/../lib/gcc/arm-none-eabi/4.8.4/../../../../arm-none-eabi/lib/armv7-m/libc.a(lib_a-isattyr.o)
                0x000054f0                _isatty_r
 .text._lseek_r
                0x00005514       0x28 /usr/local/lpcxpresso_7.3.0_186/lpcxpresso/tools/bin/../lib/gcc/arm-none-eabi/4.8.4/../../../../arm-none-eabi/lib/armv7-m/libc.a(lib_a-lseekr.o)
                0x00005514                _lseek_r
 .text.memmove  0x0000553c       0xcc /usr/local/lpcxpresso_7.3.0_186/lpcxpresso/tools/bin/../lib/gcc/arm-none-eabi/4.8.4/../../../../arm-none-eabi/lib/armv7-m/libc.a(lib_a-memmove.o)
                0x0000553c                memmove
 .text._read_r  0x00005608       0x28 /usr/local/lpcxpresso_7.3.0_186/lpcxpresso/tools/bin/../lib/gcc/arm-none-eabi/4.8.4/../../../../arm-none-eabi/lib/armv7-m/libc.a(lib_a-readr.o)
                0x00005608                _read_r
 .text._realloc_r
                0x00005630      0x3c0 /usr/local/lpcxpresso_7.3.0_186/lpcxpresso/tools/bin/../lib/gcc/arm-none-eabi/4.8.4/../../../../arm-none-eabi/lib/armv7-m/libc.a(lib_a-reallocr.o)
                0x00005630                _realloc_r
 .text.__swbuf_r
                0x000059f0       0xa8 /usr/local/lpcxpresso_7.3.0_186/lpcxpresso/tools/bin/../lib/gcc/arm-none-eabi/4.8.4/../../../../arm-none-eabi/lib/armv7-m/libc.a(lib_a-wbuf.o)
                0x000059f0                __swbuf_r
 .text._wcrtomb_r
                0x00005a98       0x50 /usr/local/lpcxpresso_7.3.0_186/lpcxpresso/tools/bin/../lib/gcc/arm-none-eabi/4.8.4/../../../../arm-none-eabi/lib/armv7-m/libc.a(lib_a-wcrtomb.o)
                0x00005a98                _wcrtomb_r
 .text.__ascii_wctomb
                0x00005ae8       0x1c /usr/local/lpcxpresso_7.3.0_186/lpcxpresso/tools/bin/../lib/gcc/arm-none-eabi/4.8.4/../../../../arm-none-eabi/lib/armv7-m/libc.a(lib_a-wctomb_r.o)
                0x00005ae8                __ascii_wctomb
 .text._sbrk    0x00005b04       0x3c /usr/local/lpcxpresso_7.3.0_186/lpcxpresso/tools/bin/../lib/gcc/arm-none-eabi/4.8.4/../../../../arm-none-eabi/lib/armv7-m/libcr_newlib_semihost.a(_cr_sbrk.o)
                0x00005b04                _sbrk
 .text.error    0x00005b40       0x1c /usr/local/lpcxpresso_7.3.0_186/lpcxpresso/tools/bin/../lib/gcc/arm-none-eabi/4.8.4/../../../../arm-none-eabi/lib/armv7-m/libcr_newlib_semihost.a(syscalls.o)
 .text.initialise_monitor_handles.part.0
                0x00005b5c       0xa4 /usr/local/lpcxpresso_7.3.0_186/lpcxpresso/tools/bin/../lib/gcc/arm-none-eabi/4.8.4/../../../../arm-none-eabi/lib/armv7-m/libcr_newlib_semihost.a(syscalls.o)
 .text.checkerror
                0x00005c00        0xa /usr/local/lpcxpresso_7.3.0_186/lpcxpresso/tools/bin/../lib/gcc/arm-none-eabi/4.8.4/../../../../arm-none-eabi/lib/armv7-m/libcr_newlib_semihost.a(syscalls.o)
 *fill*         0x00005c0a        0x2 
 .text.findslot
                0x00005c0c       0x30 /usr/local/lpcxpresso_7.3.0_186/lpcxpresso/tools/bin/../lib/gcc/arm-none-eabi/4.8.4/../../../../arm-none-eabi/lib/armv7-m/libcr_newlib_semihost.a(syscalls.o)
 .text._swiread
                0x00005c3c       0x20 /usr/local/lpcxpresso_7.3.0_186/lpcxpresso/tools/bin/../lib/gcc/arm-none-eabi/4.8.4/../../../../arm-none-eabi/lib/armv7-m/libcr_newlib_semihost.a(syscalls.o)
                0x00005c3c                _swiread
 .text._read    0x00005c5c       0x34 /usr/local/lpcxpresso_7.3.0_186/lpcxpresso/tools/bin/../lib/gcc/arm-none-eabi/4.8.4/../../../../arm-none-eabi/lib/armv7-m/libcr_newlib_semihost.a(syscalls.o)
                0x00005c5c                _read
 .text._swilseek
                0x00005c90       0x7e /usr/local/lpcxpresso_7.3.0_186/lpcxpresso/tools/bin/../lib/gcc/arm-none-eabi/4.8.4/../../../../arm-none-eabi/lib/armv7-m/libcr_newlib_semihost.a(syscalls.o)
                0x00005c90                _swilseek
 .text._lseek   0x00005d0e        0x4 /usr/local/lpcxpresso_7.3.0_186/lpcxpresso/tools/bin/../lib/gcc/arm-none-eabi/4.8.4/../../../../arm-none-eabi/lib/armv7-m/libcr_newlib_semihost.a(syscalls.o)
                0x00005d0e                _lseek
 .text._swiwrite
                0x00005d12       0x20 /usr/local/lpcxpresso_7.3.0_186/lpcxpresso/tools/bin/../lib/gcc/arm-none-eabi/4.8.4/../../../../arm-none-eabi/lib/armv7-m/libcr_newlib_semihost.a(syscalls.o)
                0x00005d12                _swiwrite
 .text._write   0x00005d32       0x42 /usr/local/lpcxpresso_7.3.0_186/lpcxpresso/tools/bin/../lib/gcc/arm-none-eabi/4.8.4/../../../../arm-none-eabi/lib/armv7-m/libcr_newlib_semihost.a(syscalls.o)
                0x00005d32                _write
 .text._swiclose
                0x00005d74       0x1c /usr/local/lpcxpresso_7.3.0_186/lpcxpresso/tools/bin/../lib/gcc/arm-none-eabi/4.8.4/../../../../arm-none-eabi/lib/armv7-m/libcr_newlib_semihost.a(syscalls.o)
                0x00005d74                _swiclose
 .text._close   0x00005d90       0x48 /usr/local/lpcxpresso_7.3.0_186/lpcxpresso/tools/bin/../lib/gcc/arm-none-eabi/4.8.4/../../../../arm-none-eabi/lib/armv7-m/libcr_newlib_semihost.a(syscalls.o)
                0x00005d90                _close
 .text._swistat
                0x00005dd8       0x42 /usr/local/lpcxpresso_7.3.0_186/lpcxpresso/tools/bin/../lib/gcc/arm-none-eabi/4.8.4/../../../../arm-none-eabi/lib/armv7-m/libcr_newlib_semihost.a(syscalls.o)
                0x00005dd8                _swistat
 .text._fstat   0x00005e1a       0x1c /usr/local/lpcxpresso_7.3.0_186/lpcxpresso/tools/bin/../lib/gcc/arm-none-eabi/4.8.4/../../../../arm-none-eabi/lib/armv7-m/libcr_newlib_semihost.a(syscalls.o)
                0x00005e1a                _fstat
 .text._isatty  0x00005e36       0x2a /usr/local/lpcxpresso_7.3.0_186/lpcxpresso/tools/bin/../lib/gcc/arm-none-eabi/4.8.4/../../../../arm-none-eabi/lib/armv7-m/libcr_newlib_semihost.a(syscalls.o)
                0x00005e36                _isatty
 .text.__check_heap_overflow
                0x00005e60       0x18 /usr/local/lpcxpresso_7.3.0_186/lpcxpresso/tools/bin/../lib/gcc/arm-none-eabi/4.8.4/../../../../arm-none-eabi/lib/armv7-m/libcr_newlib_semihost.a(_cr_check_heap.o)
                0x00005e60                __check_heap_overflow
 .text          0x00005e78      0x370 /usr/local/lpcxpresso_7.3.0_186/lpcxpresso/tools/bin/../lib/gcc/arm-none-eabi/4.8.4/armv7-m/libgcc.a(_arm_addsubdf3.o)
                0x00005e78                __aeabi_drsub
                0x00005e80                __aeabi_dsub
                0x00005e80                __subdf3
                0x00005e84                __adddf3
                0x00005e84                __aeabi_dadd
                0x000060fc                __aeabi_ui2d
                0x000060fc                __floatunsidf
                0x0000611c                __floatsidf
                0x0000611c                __aeabi_i2d
                0x00006140                __extendsfdf2
                0x00006140                __aeabi_f2d
                0x0000617c                __aeabi_ul2d
                0x0000617c                __floatundidf
                0x0000618c                __floatdidf
                0x0000618c                __aeabi_l2d
 .text          0x000061e8      0x424 /usr/local/lpcxpresso_7.3.0_186/lpcxpresso/tools/bin/../lib/gcc/arm-none-eabi/4.8.4/armv7-m/libgcc.a(_arm_muldivdf3.o)
                0x000061e8                __aeabi_dmul
                0x000061e8                __muldf3
                0x0000643c                __aeabi_ddiv
                0x0000643c                __divdf3
 .text          0x0000660c      0x110 /usr/local/lpcxpresso_7.3.0_186/lpcxpresso/tools/bin/../lib/gcc/arm-none-eabi/4.8.4/armv7-m/libgcc.a(_arm_cmpdf2.o)
                0x0000660c                __gtdf2
                0x0000660c                __gedf2
                0x00006614                __ltdf2
                0x00006614                __ledf2
                0x0000661c                __cmpdf2
                0x0000661c                __eqdf2
                0x0000661c                __nedf2
                0x00006698                __aeabi_cdrcmple
                0x000066a8                __aeabi_cdcmple
                0x000066a8                __aeabi_cdcmpeq
                0x000066b8                __aeabi_dcmpeq
                0x000066cc                __aeabi_dcmplt
                0x000066e0                __aeabi_dcmple
                0x000066f4                __aeabi_dcmpge
                0x00006708                __aeabi_dcmpgt
 .text          0x0000671c       0x50 /usr/local/lpcxpresso_7.3.0_186/lpcxpresso/tools/bin/../lib/gcc/arm-none-eabi/4.8.4/armv7-m/libgcc.a(_arm_fixdfsi.o)
                0x0000671c                __fixdfsi
                0x0000671c                __aeabi_d2iz
 .text.__errno  0x0000676c        0xc /usr/local/lpcxpresso_7.3.0_186/lpcxpresso/tools/bin/../lib/gcc/arm-none-eabi/4.8.4/../../../../arm-none-eabi/lib/armv7-m/libc.a(lib_a-errno.o)
                0x0000676c                __errno
 *(.rodata .rodata.* .constdata .constdata.*)
 .rodata        0x00006778        0xc ./src/main.o
 .rodata.str1.4
                0x00006784       0x15 /home/jmbto/workspace/Lib_MCU/Debug/libLib_MCU.a(lpc17xx_i2c.o)
                                 0x18 (size before relaxing)
 *fill*         0x00006799        0x3 
 .rodata.blanks.6777
                0x0000679c       0x10 /usr/local/lpcxpresso_7.3.0_186/lpcxpresso/tools/bin/../lib/gcc/arm-none-eabi/4.8.4/../../../../arm-none-eabi/lib/armv7-m/libc.a(lib_a-vfprintf.o)
 .rodata.str1.4
                0x000067ac       0x42 /usr/local/lpcxpresso_7.3.0_186/lpcxpresso/tools/bin/../lib/gcc/arm-none-eabi/4.8.4/../../../../arm-none-eabi/lib/armv7-m/libc.a(lib_a-vfprintf.o)
                                 0x44 (size before relaxing)
 *fill*         0x000067ee        0x2 
 .rodata.zeroes.6778
                0x000067f0       0x10 /usr/local/lpcxpresso_7.3.0_186/lpcxpresso/tools/bin/../lib/gcc/arm-none-eabi/4.8.4/../../../../arm-none-eabi/lib/armv7-m/libc.a(lib_a-vfprintf.o)
 .rodata.str1.4
                0x00006800       0x10 /usr/local/lpcxpresso_7.3.0_186/lpcxpresso/tools/bin/../lib/gcc/arm-none-eabi/4.8.4/../../../../arm-none-eabi/lib/armv7-m/libc.a(lib_a-dtoa.o)
                                 0x14 (size before relaxing)
 .rodata.str1.4
                0x00006810        0x2 /usr/local/lpcxpresso_7.3.0_186/lpcxpresso/tools/bin/../lib/gcc/arm-none-eabi/4.8.4/../../../../arm-none-eabi/lib/armv7-m/libc.a(lib_a-impure.o)
                                  0x4 (size before relaxing)
 *fill*         0x00006812        0x2 
 .rodata.str1.4
                0x00006814        0xc /usr/local/lpcxpresso_7.3.0_186/lpcxpresso/tools/bin/../lib/gcc/arm-none-eabi/4.8.4/../../../../arm-none-eabi/lib/armv7-m/libc.a(lib_a-locale.o)
                                 0x14 (size before relaxing)
 .rodata.__mprec_tens
                0x00006820       0xc8 /usr/local/lpcxpresso_7.3.0_186/lpcxpresso/tools/bin/../lib/gcc/arm-none-eabi/4.8.4/../../../../arm-none-eabi/lib/armv7-m/libc.a(lib_a-mprec.o)
                0x00006820                __mprec_tens
 .rodata.__mprec_bigtens
                0x000068e8       0x28 /usr/local/lpcxpresso_7.3.0_186/lpcxpresso/tools/bin/../lib/gcc/arm-none-eabi/4.8.4/../../../../arm-none-eabi/lib/armv7-m/libc.a(lib_a-mprec.o)
                0x000068e8                __mprec_bigtens
 .rodata.p05.5269
                0x00006910        0xc /usr/local/lpcxpresso_7.3.0_186/lpcxpresso/tools/bin/../lib/gcc/arm-none-eabi/4.8.4/../../../../arm-none-eabi/lib/armv7-m/libc.a(lib_a-mprec.o)
 .rodata.str1.1
                0x0000691c        0x4 /usr/local/lpcxpresso_7.3.0_186/lpcxpresso/tools/bin/../lib/gcc/arm-none-eabi/4.8.4/../../../../arm-none-eabi/lib/armv7-m/libcr_newlib_semihost.a(syscalls.o)
                0x00006920                . = ALIGN (0x4)

.glue_7         0x00006920        0x0
 .glue_7        0x00000000        0x0 linker stubs

.glue_7t        0x00006920        0x0
 .glue_7t       0x00000000        0x0 linker stubs

.vfp11_veneer   0x00006920        0x0
 .vfp11_veneer  0x00000000        0x0 linker stubs

.v4_bx          0x00006920        0x0
 .v4_bx         0x00000000        0x0 linker stubs

.iplt           0x00006920        0x0
 .iplt          0x00000000        0x0 ./src/cr_startup_lpc17.o

.ARM.extab
 *(.ARM.extab* .gnu.linkonce.armextab.*)
                0x00006920                __exidx_start = .

.ARM.exidx      0x00006920        0x8
 *(.ARM.exidx* .gnu.linkonce.armexidx.*)
 .ARM.exidx     0x00006920        0x8 /usr/local/lpcxpresso_7.3.0_186/lpcxpresso/tools/bin/../lib/gcc/arm-none-eabi/4.8.4/armv7-m/libgcc.a(_divdi3.o)
 .ARM.exidx     0x00006928        0x0 /usr/local/lpcxpresso_7.3.0_186/lpcxpresso/tools/bin/../lib/gcc/arm-none-eabi/4.8.4/armv7-m/libgcc.a(_udivdi3.o)
                                  0x8 (size before relaxing)
                0x00006928                __exidx_end = .
                0x00006928                _etext = .

.rel.dyn        0x00006928        0x0
 .rel.iplt      0x00000000        0x0 ./src/cr_startup_lpc17.o

.data_RAM2      0x2007c000        0x0 load address 0x00006928
 FILL mask 0xff
 *(.ramfunc.$RAM2)
 *(.ramfunc.$RamAHB32)
 *(.data.$RAM2*)
 *(.data.$RamAHB32*)
                0x2007c000                . = ALIGN (0x4)

.uninit_RESERVED
                0x10000000        0x0
 *(.bss.$RESERVED*)
                0x10000000                . = ALIGN (0x4)
                0x10000000                _end_uninit_RESERVED = .

.data           0x10000000      0x8ac load address 0x00006928
 FILL mask 0xff
                0x10000000                _data = .
 *(vtable)
 *(.ramfunc*)
 *(.data*)
 .data          0x10000000        0x4 /home/jmbto/workspace/Lib_CMSISv1p30_LPC17xx/Debug/libCMSISv1p30_LPC17xx.a(system_LPC17xx.o)
                0x10000000                SystemCoreClock
 .data          0x10000004        0x8 /home/jmbto/workspace/Lib_EaBaseBoard/Debug/libLib_EaBaseBoard.a(light.o)
 *fill*         0x1000000c        0x4 
 .data.impure_data
                0x10000010      0x428 /usr/local/lpcxpresso_7.3.0_186/lpcxpresso/tools/bin/../lib/gcc/arm-none-eabi/4.8.4/../../../../arm-none-eabi/lib/armv7-m/libc.a(lib_a-impure.o)
 .data._impure_ptr
                0x10000438        0x4 /usr/local/lpcxpresso_7.3.0_186/lpcxpresso/tools/bin/../lib/gcc/arm-none-eabi/4.8.4/../../../../arm-none-eabi/lib/armv7-m/libc.a(lib_a-impure.o)
                0x10000438                _impure_ptr
 .data.lconv    0x1000043c       0x38 /usr/local/lpcxpresso_7.3.0_186/lpcxpresso/tools/bin/../lib/gcc/arm-none-eabi/4.8.4/../../../../arm-none-eabi/lib/armv7-m/libc.a(lib_a-locale.o)
 .data.lc_ctype_charset
                0x10000474       0x20 /usr/local/lpcxpresso_7.3.0_186/lpcxpresso/tools/bin/../lib/gcc/arm-none-eabi/4.8.4/../../../../arm-none-eabi/lib/armv7-m/libc.a(lib_a-locale.o)
 .data.__mb_cur_max
                0x10000494        0x4 /usr/local/lpcxpresso_7.3.0_186/lpcxpresso/tools/bin/../lib/gcc/arm-none-eabi/4.8.4/../../../../arm-none-eabi/lib/armv7-m/libc.a(lib_a-locale.o)
                0x10000494                __mb_cur_max
 .data.__malloc_av_
                0x10000498      0x408 /usr/local/lpcxpresso_7.3.0_186/lpcxpresso/tools/bin/../lib/gcc/arm-none-eabi/4.8.4/../../../../arm-none-eabi/lib/armv7-m/libc.a(lib_a-mallocr.o)
                0x10000498                __malloc_av_
 .data.__malloc_trim_threshold
                0x100008a0        0x4 /usr/local/lpcxpresso_7.3.0_186/lpcxpresso/tools/bin/../lib/gcc/arm-none-eabi/4.8.4/../../../../arm-none-eabi/lib/armv7-m/libc.a(lib_a-mallocr.o)
                0x100008a0                __malloc_trim_threshold
 .data.__malloc_sbrk_base
                0x100008a4        0x4 /usr/local/lpcxpresso_7.3.0_186/lpcxpresso/tools/bin/../lib/gcc/arm-none-eabi/4.8.4/../../../../arm-none-eabi/lib/armv7-m/libc.a(lib_a-mallocr.o)
                0x100008a4                __malloc_sbrk_base
 .data.__wctomb
                0x100008a8        0x4 /usr/local/lpcxpresso_7.3.0_186/lpcxpresso/tools/bin/../lib/gcc/arm-none-eabi/4.8.4/../../../../arm-none-eabi/lib/armv7-m/libc.a(lib_a-wctomb_r.o)
                0x100008a8                __wctomb
                0x100008ac                . = ALIGN (0x4)
                0x100008ac                _edata = .

.igot.plt       0x100008ac        0x0 load address 0x000071d4
 .igot.plt      0x00000000        0x0 ./src/cr_startup_lpc17.o

.bss_RAM2       0x2007c000        0x0
 *(.bss.$RAM2*)
 *(.bss.$RamAHB32*)
                0x2007c000                . = ALIGN (0x4)

.bss            0x100008ac       0x9c
                0x100008ac                _bss = .
 *(.bss*)
 .bss           0x100008ac       0x24 /home/jmbto/workspace/Lib_MCU/Debug/libLib_MCU.a(lpc17xx_i2c.o)
 .bss.__malloc_max_total_mem
                0x100008d0        0x4 /usr/local/lpcxpresso_7.3.0_186/lpcxpresso/tools/bin/../lib/gcc/arm-none-eabi/4.8.4/../../../../arm-none-eabi/lib/armv7-m/libc.a(lib_a-mallocr.o)
                0x100008d0                __malloc_max_total_mem
 .bss.__malloc_max_sbrked_mem
                0x100008d4        0x4 /usr/local/lpcxpresso_7.3.0_186/lpcxpresso/tools/bin/../lib/gcc/arm-none-eabi/4.8.4/../../../../arm-none-eabi/lib/armv7-m/libc.a(lib_a-mallocr.o)
                0x100008d4                __malloc_max_sbrked_mem
 .bss.__malloc_top_pad
                0x100008d8        0x4 /usr/local/lpcxpresso_7.3.0_186/lpcxpresso/tools/bin/../lib/gcc/arm-none-eabi/4.8.4/../../../../arm-none-eabi/lib/armv7-m/libc.a(lib_a-mallocr.o)
                0x100008d8                __malloc_top_pad
 .bss.__malloc_current_mallinfo
                0x100008dc       0x28 /usr/local/lpcxpresso_7.3.0_186/lpcxpresso/tools/bin/../lib/gcc/arm-none-eabi/4.8.4/../../../../arm-none-eabi/lib/armv7-m/libc.a(lib_a-mallocr.o)
                0x100008dc                __malloc_current_mallinfo
 .bss.monitor_stdout
                0x10000904        0x4 /usr/local/lpcxpresso_7.3.0_186/lpcxpresso/tools/bin/../lib/gcc/arm-none-eabi/4.8.4/../../../../arm-none-eabi/lib/armv7-m/libcr_newlib_semihost.a(syscalls.o)
 .bss.monitor_stdin
                0x10000908        0x4 /usr/local/lpcxpresso_7.3.0_186/lpcxpresso/tools/bin/../lib/gcc/arm-none-eabi/4.8.4/../../../../arm-none-eabi/lib/armv7-m/libcr_newlib_semihost.a(syscalls.o)
 .bss.monitor_stderr
                0x1000090c        0x4 /usr/local/lpcxpresso_7.3.0_186/lpcxpresso/tools/bin/../lib/gcc/arm-none-eabi/4.8.4/../../../../arm-none-eabi/lib/armv7-m/libcr_newlib_semihost.a(syscalls.o)
 .bss.openfiles
                0x10000910       0x28 /usr/local/lpcxpresso_7.3.0_186/lpcxpresso/tools/bin/../lib/gcc/arm-none-eabi/4.8.4/../../../../arm-none-eabi/lib/armv7-m/libcr_newlib_semihost.a(syscalls.o)
 .bss.initialized.5240
                0x10000938        0x4 /usr/local/lpcxpresso_7.3.0_186/lpcxpresso/tools/bin/../lib/gcc/arm-none-eabi/4.8.4/../../../../arm-none-eabi/lib/armv7-m/libcr_newlib_semihost.a(syscalls.o)
 *(COMMON)
 COMMON         0x1000093c        0x4 ./src/main.o
                0x1000093c                msTicks
 COMMON         0x10000940        0x4 /usr/local/lpcxpresso_7.3.0_186/lpcxpresso/tools/bin/../lib/gcc/arm-none-eabi/4.8.4/../../../../arm-none-eabi/lib/armv7-m/libc.a(lib_a-reent.o)
                0x10000940                errno
 COMMON         0x10000944        0x4 /usr/local/lpcxpresso_7.3.0_186/lpcxpresso/tools/bin/../lib/gcc/arm-none-eabi/4.8.4/../../../../arm-none-eabi/lib/armv7-m/libcr_newlib_semihost.a(_cr_sbrk.o)
                0x10000944                __end_of_heap
                0x10000948                . = ALIGN (0x4)
                0x10000948                _ebss = .
                0x10000948                PROVIDE (end, .)

.noinit_RAM2    0x2007c000        0x0
 *(.noinit.$RAM2*)
 *(.noinit.$RamAHB32*)
                0x2007c000                . = ALIGN (0x4)

.noinit         0x10000948        0x0
                0x10000948                _noinit = .
 *(.noinit*)
                0x10000948                . = ALIGN (0x4)
                0x10000948                _end_noinit = .
                0x10000948                PROVIDE (_pvHeapStart, .)
                0x10008000                PROVIDE (_vStackTop, (__top_RamLoc32 - 0x0))
OUTPUT(demo.axf elf32-littlearm)

.debug_info     0x00000000     0x549c
 .debug_info    0x00000000      0x1b1 ./src/cr_startup_lpc17.o
 .debug_info    0x000001b1      0x83d ./src/main.o
 .debug_info    0x000009ee      0x2ee /home/jmbto/workspace/Lib_CMSISv1p30_LPC17xx/Debug/libCMSISv1p30_LPC17xx.a(system_LPC17xx.o)
 .debug_info    0x00000cdc      0x9cb /home/jmbto/workspace/Lib_EaBaseBoard/Debug/libLib_EaBaseBoard.a(light.o)
 .debug_info    0x000016a7      0xbdd /home/jmbto/workspace/Lib_MCU/Debug/libLib_MCU.a(lpc17xx_gpio.o)
 .debug_info    0x00002284     0x1199 /home/jmbto/workspace/Lib_MCU/Debug/libLib_MCU.a(lpc17xx_i2c.o)
 .debug_info    0x0000341d       0xd9 /home/jmbto/workspace/Lib_MCU/Debug/libLib_MCU.a(lpc17xx_libcfg_default.o)
 .debug_info    0x000034f6      0x486 /home/jmbto/workspace/Lib_MCU/Debug/libLib_MCU.a(lpc17xx_pinsel.o)
 .debug_info    0x0000397c      0x607 /home/jmbto/workspace/Lib_MCU/Debug/libLib_MCU.a(lpc17xx_clkpwr.o)
 .debug_info    0x00003f83      0x12d /usr/local/lpcxpresso_7.3.0_186/lpcxpresso/tools/bin/../lib/gcc/arm-none-eabi/4.8.4/../../../../arm-none-eabi/lib/armv7-m/libcr_newlib_semihost.a(_cr_sbrk.o)
 .debug_info    0x000040b0     0x1382 /usr/local/lpcxpresso_7.3.0_186/lpcxpresso/tools/bin/../lib/gcc/arm-none-eabi/4.8.4/../../../../arm-none-eabi/lib/armv7-m/libcr_newlib_semihost.a(syscalls.o)
 .debug_info    0x00005432       0x6a /usr/local/lpcxpresso_7.3.0_186/lpcxpresso/tools/bin/../lib/gcc/arm-none-eabi/4.8.4/../../../../arm-none-eabi/lib/armv7-m/libcr_newlib_semihost.a(_cr_check_heap.o)

.debug_abbrev   0x00000000     0x13ca
 .debug_abbrev  0x00000000       0xb9 ./src/cr_startup_lpc17.o
 .debug_abbrev  0x000000b9      0x22d ./src/main.o
 .debug_abbrev  0x000002e6       0xe6 /home/jmbto/workspace/Lib_CMSISv1p30_LPC17xx/Debug/libCMSISv1p30_LPC17xx.a(system_LPC17xx.o)
 .debug_abbrev  0x000003cc      0x246 /home/jmbto/workspace/Lib_EaBaseBoard/Debug/libLib_EaBaseBoard.a(light.o)
 .debug_abbrev  0x00000612      0x1d3 /home/jmbto/workspace/Lib_MCU/Debug/libLib_MCU.a(lpc17xx_gpio.o)
 .debug_abbrev  0x000007e5      0x378 /home/jmbto/workspace/Lib_MCU/Debug/libLib_MCU.a(lpc17xx_i2c.o)
 .debug_abbrev  0x00000b5d       0x6c /home/jmbto/workspace/Lib_MCU/Debug/libLib_MCU.a(lpc17xx_libcfg_default.o)
 .debug_abbrev  0x00000bc9      0x156 /home/jmbto/workspace/Lib_MCU/Debug/libLib_MCU.a(lpc17xx_pinsel.o)
 .debug_abbrev  0x00000d1f      0x1b6 /home/jmbto/workspace/Lib_MCU/Debug/libLib_MCU.a(lpc17xx_clkpwr.o)
 .debug_abbrev  0x00000ed5       0xf6 /usr/local/lpcxpresso_7.3.0_186/lpcxpresso/tools/bin/../lib/gcc/arm-none-eabi/4.8.4/../../../../arm-none-eabi/lib/armv7-m/libcr_newlib_semihost.a(_cr_sbrk.o)
 .debug_abbrev  0x00000fcb      0x39d /usr/local/lpcxpresso_7.3.0_186/lpcxpresso/tools/bin/../lib/gcc/arm-none-eabi/4.8.4/../../../../arm-none-eabi/lib/armv7-m/libcr_newlib_semihost.a(syscalls.o)
 .debug_abbrev  0x00001368       0x62 /usr/local/lpcxpresso_7.3.0_186/lpcxpresso/tools/bin/../lib/gcc/arm-none-eabi/4.8.4/../../../../arm-none-eabi/lib/armv7-m/libcr_newlib_semihost.a(_cr_check_heap.o)

.debug_aranges  0x00000000      0x4f8
 .debug_aranges
                0x00000000       0x70 ./src/cr_startup_lpc17.o
 .debug_aranges
                0x00000070       0x58 ./src/main.o
 .debug_aranges
                0x000000c8       0x28 /home/jmbto/workspace/Lib_CMSISv1p30_LPC17xx/Debug/libCMSISv1p30_LPC17xx.a(system_LPC17xx.o)
 .debug_aranges
                0x000000f0       0x98 /home/jmbto/workspace/Lib_EaBaseBoard/Debug/libLib_EaBaseBoard.a(light.o)
 .debug_aranges
                0x00000188       0xc8 /home/jmbto/workspace/Lib_MCU/Debug/libLib_MCU.a(lpc17xx_gpio.o)
 .debug_aranges
                0x00000250       0xc0 /home/jmbto/workspace/Lib_MCU/Debug/libLib_MCU.a(lpc17xx_i2c.o)
 .debug_aranges
                0x00000310       0x20 /home/jmbto/workspace/Lib_MCU/Debug/libLib_MCU.a(lpc17xx_libcfg_default.o)
 .debug_aranges
                0x00000330       0x48 /home/jmbto/workspace/Lib_MCU/Debug/libLib_MCU.a(lpc17xx_pinsel.o)
 .debug_aranges
                0x00000378       0x58 /home/jmbto/workspace/Lib_MCU/Debug/libLib_MCU.a(lpc17xx_clkpwr.o)
 .debug_aranges
                0x000003d0       0x20 /usr/local/lpcxpresso_7.3.0_186/lpcxpresso/tools/bin/../lib/gcc/arm-none-eabi/4.8.4/../../../../arm-none-eabi/lib/armv7-m/libcr_newlib_semihost.a(_cr_sbrk.o)
 .debug_aranges
                0x000003f0       0xe8 /usr/local/lpcxpresso_7.3.0_186/lpcxpresso/tools/bin/../lib/gcc/arm-none-eabi/4.8.4/../../../../arm-none-eabi/lib/armv7-m/libcr_newlib_semihost.a(syscalls.o)
 .debug_aranges
                0x000004d8       0x20 /usr/local/lpcxpresso_7.3.0_186/lpcxpresso/tools/bin/../lib/gcc/arm-none-eabi/4.8.4/../../../../arm-none-eabi/lib/armv7-m/libcr_newlib_semihost.a(_cr_check_heap.o)

.debug_ranges   0x00000000      0x540
 .debug_ranges  0x00000000       0x60 ./src/cr_startup_lpc17.o
 .debug_ranges  0x00000060       0x48 ./src/main.o
 .debug_ranges  0x000000a8       0x18 /home/jmbto/workspace/Lib_CMSISv1p30_LPC17xx/Debug/libCMSISv1p30_LPC17xx.a(system_LPC17xx.o)
 .debug_ranges  0x000000c0       0x88 /home/jmbto/workspace/Lib_EaBaseBoard/Debug/libLib_EaBaseBoard.a(light.o)
 .debug_ranges  0x00000148       0xb8 /home/jmbto/workspace/Lib_MCU/Debug/libLib_MCU.a(lpc17xx_gpio.o)
 .debug_ranges  0x00000200       0xb0 /home/jmbto/workspace/Lib_MCU/Debug/libLib_MCU.a(lpc17xx_i2c.o)
 .debug_ranges  0x000002b0       0x10 /home/jmbto/workspace/Lib_MCU/Debug/libLib_MCU.a(lpc17xx_libcfg_default.o)
 .debug_ranges  0x000002c0       0x38 /home/jmbto/workspace/Lib_MCU/Debug/libLib_MCU.a(lpc17xx_pinsel.o)
 .debug_ranges  0x000002f8       0x48 /home/jmbto/workspace/Lib_MCU/Debug/libLib_MCU.a(lpc17xx_clkpwr.o)
 .debug_ranges  0x00000340       0x10 /usr/local/lpcxpresso_7.3.0_186/lpcxpresso/tools/bin/../lib/gcc/arm-none-eabi/4.8.4/../../../../arm-none-eabi/lib/armv7-m/libcr_newlib_semihost.a(_cr_sbrk.o)
 .debug_ranges  0x00000350      0x1e0 /usr/local/lpcxpresso_7.3.0_186/lpcxpresso/tools/bin/../lib/gcc/arm-none-eabi/4.8.4/../../../../arm-none-eabi/lib/armv7-m/libcr_newlib_semihost.a(syscalls.o)
 .debug_ranges  0x00000530       0x10 /usr/local/lpcxpresso_7.3.0_186/lpcxpresso/tools/bin/../lib/gcc/arm-none-eabi/4.8.4/../../../../arm-none-eabi/lib/armv7-m/libcr_newlib_semihost.a(_cr_check_heap.o)

.debug_macro    0x00000000     0x3a70
 .debug_macro   0x00000000       0x58 ./src/cr_startup_lpc17.o
 .debug_macro   0x00000058      0x856 ./src/cr_startup_lpc17.o
 .debug_macro   0x000008ae       0x16 ./src/cr_startup_lpc17.o
 .debug_macro   0x000008c4       0x44 ./src/cr_startup_lpc17.o
 .debug_macro   0x00000908      0x209 ./src/cr_startup_lpc17.o
 .debug_macro   0x00000b11       0x9c ./src/main.o
 .debug_macro   0x00000bad       0x1c ./src/main.o
 .debug_macro   0x00000bc9       0x22 ./src/main.o
 .debug_macro   0x00000beb      0x7b7 ./src/main.o
 .debug_macro   0x000013a2      0x2c7 ./src/main.o
 .debug_macro   0x00001669       0x63 ./src/main.o
 .debug_macro   0x000016cc      0x143 ./src/main.o
 .debug_macro   0x0000180f      0x192 ./src/main.o
 .debug_macro   0x000019a1       0xe9 ./src/main.o
 .debug_macro   0x00001a8a      0x119 /home/jmbto/workspace/Lib_CMSISv1p30_LPC17xx/Debug/libCMSISv1p30_LPC17xx.a(system_LPC17xx.o)
 .debug_macro   0x00001ba3      0x850 /home/jmbto/workspace/Lib_CMSISv1p30_LPC17xx/Debug/libCMSISv1p30_LPC17xx.a(system_LPC17xx.o)
 .debug_macro   0x000023f3      0x7d5 /home/jmbto/workspace/Lib_CMSISv1p30_LPC17xx/Debug/libCMSISv1p30_LPC17xx.a(system_LPC17xx.o)
 .debug_macro   0x00002bc8      0x12c /home/jmbto/workspace/Lib_EaBaseBoard/Debug/libLib_EaBaseBoard.a(light.o)
 .debug_macro   0x00002cf4      0x18c /home/jmbto/workspace/Lib_EaBaseBoard/Debug/libLib_EaBaseBoard.a(light.o)
 .debug_macro   0x00002e80       0x89 /home/jmbto/workspace/Lib_MCU/Debug/libLib_MCU.a(lpc17xx_gpio.o)
 .debug_macro   0x00002f09       0x40 /home/jmbto/workspace/Lib_MCU/Debug/libLib_MCU.a(lpc17xx_gpio.o)
 .debug_macro   0x00002f49       0xcb /home/jmbto/workspace/Lib_MCU/Debug/libLib_MCU.a(lpc17xx_gpio.o)
 .debug_macro   0x00003014       0x9b /home/jmbto/workspace/Lib_MCU/Debug/libLib_MCU.a(lpc17xx_i2c.o)
 .debug_macro   0x000030af      0x2fe /home/jmbto/workspace/Lib_MCU/Debug/libLib_MCU.a(lpc17xx_i2c.o)
 .debug_macro   0x000033ad      0x149 /home/jmbto/workspace/Lib_MCU/Debug/libLib_MCU.a(lpc17xx_i2c.o)
 .debug_macro   0x000034f6       0x60 /home/jmbto/workspace/Lib_MCU/Debug/libLib_MCU.a(lpc17xx_libcfg_default.o)
 .debug_macro   0x00003556       0x5d /home/jmbto/workspace/Lib_MCU/Debug/libLib_MCU.a(lpc17xx_libcfg_default.o)
 .debug_macro   0x000035b3       0xc5 /home/jmbto/workspace/Lib_MCU/Debug/libLib_MCU.a(lpc17xx_libcfg_default.o)
 .debug_macro   0x00003678       0x80 /home/jmbto/workspace/Lib_MCU/Debug/libLib_MCU.a(lpc17xx_pinsel.o)
 .debug_macro   0x000036f8       0x80 /home/jmbto/workspace/Lib_MCU/Debug/libLib_MCU.a(lpc17xx_clkpwr.o)
 .debug_macro   0x00003778      0x2f8 /home/jmbto/workspace/Lib_MCU/Debug/libLib_MCU.a(lpc17xx_clkpwr.o)

.debug_line     0x00000000     0x265c
 .debug_line    0x00000000      0x2e7 ./src/cr_startup_lpc17.o
 .debug_line    0x000002e7      0x359 ./src/main.o
 .debug_line    0x00000640      0x28b /home/jmbto/workspace/Lib_CMSISv1p30_LPC17xx/Debug/libCMSISv1p30_LPC17xx.a(system_LPC17xx.o)
 .debug_line    0x000008cb      0x3eb /home/jmbto/workspace/Lib_EaBaseBoard/Debug/libLib_EaBaseBoard.a(light.o)
 .debug_line    0x00000cb6      0x44d /home/jmbto/workspace/Lib_MCU/Debug/libLib_MCU.a(lpc17xx_gpio.o)
 .debug_line    0x00001103      0x6c2 /home/jmbto/workspace/Lib_MCU/Debug/libLib_MCU.a(lpc17xx_i2c.o)
 .debug_line    0x000017c5      0x20c /home/jmbto/workspace/Lib_MCU/Debug/libLib_MCU.a(lpc17xx_libcfg_default.o)
 .debug_line    0x000019d1      0x2ca /home/jmbto/workspace/Lib_MCU/Debug/libLib_MCU.a(lpc17xx_pinsel.o)
 .debug_line    0x00001c9b      0x316 /home/jmbto/workspace/Lib_MCU/Debug/libLib_MCU.a(lpc17xx_clkpwr.o)
 .debug_line    0x00001fb1      0x101 /usr/local/lpcxpresso_7.3.0_186/lpcxpresso/tools/bin/../lib/gcc/arm-none-eabi/4.8.4/../../../../arm-none-eabi/lib/armv7-m/libcr_newlib_semihost.a(_cr_sbrk.o)
 .debug_line    0x000020b2      0x55d /usr/local/lpcxpresso_7.3.0_186/lpcxpresso/tools/bin/../lib/gcc/arm-none-eabi/4.8.4/../../../../arm-none-eabi/lib/armv7-m/libcr_newlib_semihost.a(syscalls.o)
 .debug_line    0x0000260f       0x4d /usr/local/lpcxpresso_7.3.0_186/lpcxpresso/tools/bin/../lib/gcc/arm-none-eabi/4.8.4/../../../../arm-none-eabi/lib/armv7-m/libcr_newlib_semihost.a(_cr_check_heap.o)

.debug_str      0x00000000     0xb7a4
 .debug_str     0x00000000     0x2e9d ./src/cr_startup_lpc17.o
                               0x2fe8 (size before relaxing)
 .debug_str     0x00002e9d     0x5b42 ./src/main.o
                               0x8a1a (size before relaxing)
 .debug_str     0x000089df      0x4cb /home/jmbto/workspace/Lib_CMSISv1p30_LPC17xx/Debug/libCMSISv1p30_LPC17xx.a(system_LPC17xx.o)
                               0x7283 (size before relaxing)
 .debug_str     0x00008eaa      0x56a /home/jmbto/workspace/Lib_EaBaseBoard/Debug/libLib_EaBaseBoard.a(light.o)
                               0x7eb1 (size before relaxing)
 .debug_str     0x00009414      0x6f4 /home/jmbto/workspace/Lib_MCU/Debug/libLib_MCU.a(lpc17xx_gpio.o)
                               0x76eb (size before relaxing)
 .debug_str     0x00009b08     0x1534 /home/jmbto/workspace/Lib_MCU/Debug/libLib_MCU.a(lpc17xx_i2c.o)
                               0x97ad (size before relaxing)
 .debug_str     0x0000b03c       0x25 /home/jmbto/workspace/Lib_MCU/Debug/libLib_MCU.a(lpc17xx_libcfg_default.o)
                               0x31b9 (size before relaxing)
 .debug_str     0x0000b061      0x214 /home/jmbto/workspace/Lib_MCU/Debug/libLib_MCU.a(lpc17xx_pinsel.o)
                               0x7724 (size before relaxing)
 .debug_str     0x0000b275       0x98 /home/jmbto/workspace/Lib_MCU/Debug/libLib_MCU.a(lpc17xx_clkpwr.o)
                               0x8481 (size before relaxing)
 .debug_str     0x0000b30d      0x181 /usr/local/lpcxpresso_7.3.0_186/lpcxpresso/tools/bin/../lib/gcc/arm-none-eabi/4.8.4/../../../../arm-none-eabi/lib/armv7-m/libcr_newlib_semihost.a(_cr_sbrk.o)
                                0x213 (size before relaxing)
 .debug_str     0x0000b48e      0x2f1 /usr/local/lpcxpresso_7.3.0_186/lpcxpresso/tools/bin/../lib/gcc/arm-none-eabi/4.8.4/../../../../arm-none-eabi/lib/armv7-m/libcr_newlib_semihost.a(syscalls.o)
                                0x4d8 (size before relaxing)
 .debug_str     0x0000b77f       0x25 /usr/local/lpcxpresso_7.3.0_186/lpcxpresso/tools/bin/../lib/gcc/arm-none-eabi/4.8.4/../../../../arm-none-eabi/lib/armv7-m/libcr_newlib_semihost.a(_cr_check_heap.o)
                                0x161 (size before relaxing)

.comment        0x00000000       0xe0
 .comment       0x00000000       0x70 ./src/cr_startup_lpc17.o
                                 0x71 (size before relaxing)
 .comment       0x00000000       0x71 ./src/main.o
 .comment       0x00000000       0x71 /home/jmbto/workspace/Lib_CMSISv1p30_LPC17xx/Debug/libCMSISv1p30_LPC17xx.a(system_LPC17xx.o)
 .comment       0x00000000       0x71 /home/jmbto/workspace/Lib_EaBaseBoard/Debug/libLib_EaBaseBoard.a(light.o)
 .comment       0x00000000       0x71 /home/jmbto/workspace/Lib_MCU/Debug/libLib_MCU.a(lpc17xx_gpio.o)
 .comment       0x00000000       0x71 /home/jmbto/workspace/Lib_MCU/Debug/libLib_MCU.a(lpc17xx_i2c.o)
 .comment       0x00000000       0x71 /home/jmbto/workspace/Lib_MCU/Debug/libLib_MCU.a(lpc17xx_libcfg_default.o)
 .comment       0x00000000       0x71 /home/jmbto/workspace/Lib_MCU/Debug/libLib_MCU.a(lpc17xx_pinsel.o)
 .comment       0x00000000       0x71 /home/jmbto/workspace/Lib_MCU/Debug/libLib_MCU.a(lpc17xx_clkpwr.o)
 .comment       0x00000070       0x70 /usr/local/lpcxpresso_7.3.0_186/lpcxpresso/tools/bin/../lib/gcc/arm-none-eabi/4.8.4/../../../../arm-none-eabi/lib/armv7-m/libcr_newlib_semihost.a(_cr_sbrk.o)
                                 0x71 (size before relaxing)
 .comment       0x00000000       0x71 /usr/local/lpcxpresso_7.3.0_186/lpcxpresso/tools/bin/../lib/gcc/arm-none-eabi/4.8.4/../../../../arm-none-eabi/lib/armv7-m/libcr_newlib_semihost.a(syscalls.o)
 .comment       0x00000000       0x71 /usr/local/lpcxpresso_7.3.0_186/lpcxpresso/tools/bin/../lib/gcc/arm-none-eabi/4.8.4/../../../../arm-none-eabi/lib/armv7-m/libcr_newlib_semihost.a(_cr_check_heap.o)

.ARM.attributes
                0x00000000       0x31
 .ARM.attributes
                0x00000000       0x33 ./src/cr_startup_lpc17.o
 .ARM.attributes
                0x00000033       0x33 ./src/main.o
 .ARM.attributes
                0x00000066       0x33 /home/jmbto/workspace/Lib_CMSISv1p30_LPC17xx/Debug/libCMSISv1p30_LPC17xx.a(system_LPC17xx.o)
 .ARM.attributes
                0x00000099       0x33 /home/jmbto/workspace/Lib_EaBaseBoard/Debug/libLib_EaBaseBoard.a(light.o)
 .ARM.attributes
                0x000000cc       0x33 /home/jmbto/workspace/Lib_MCU/Debug/libLib_MCU.a(lpc17xx_gpio.o)
 .ARM.attributes
                0x000000ff       0x33 /home/jmbto/workspace/Lib_MCU/Debug/libLib_MCU.a(lpc17xx_i2c.o)
 .ARM.attributes
                0x00000132       0x33 /home/jmbto/workspace/Lib_MCU/Debug/libLib_MCU.a(lpc17xx_libcfg_default.o)
 .ARM.attributes
                0x00000165       0x33 /home/jmbto/workspace/Lib_MCU/Debug/libLib_MCU.a(lpc17xx_pinsel.o)
 .ARM.attributes
                0x00000198       0x33 /home/jmbto/workspace/Lib_MCU/Debug/libLib_MCU.a(lpc17xx_clkpwr.o)
 .ARM.attributes
                0x000001cb       0x1d /usr/local/lpcxpresso_7.3.0_186/lpcxpresso/tools/bin/../lib/gcc/arm-none-eabi/4.8.4/armv7-m/libgcc.a(_aeabi_uldivmod.o)
 .ARM.attributes
                0x000001e8       0x2d /usr/local/lpcxpresso_7.3.0_186/lpcxpresso/tools/bin/../lib/gcc/arm-none-eabi/4.8.4/armv7-m/libgcc.a(bpabi.o)
 .ARM.attributes
                0x00000215       0x1d /usr/local/lpcxpresso_7.3.0_186/lpcxpresso/tools/bin/../lib/gcc/arm-none-eabi/4.8.4/armv7-m/libgcc.a(_dvmd_tls.o)
 .ARM.attributes
                0x00000232       0x2d /usr/local/lpcxpresso_7.3.0_186/lpcxpresso/tools/bin/../lib/gcc/arm-none-eabi/4.8.4/armv7-m/libgcc.a(_divdi3.o)
 .ARM.attributes
                0x0000025f       0x2d /usr/local/lpcxpresso_7.3.0_186/lpcxpresso/tools/bin/../lib/gcc/arm-none-eabi/4.8.4/armv7-m/libgcc.a(_udivdi3.o)
 .ARM.attributes
                0x0000028c       0x2d /usr/local/lpcxpresso_7.3.0_186/lpcxpresso/tools/bin/../lib/gcc/arm-none-eabi/4.8.4/../../../../arm-none-eabi/lib/armv7-m/libc.a(lib_a-printf.o)
 .ARM.attributes
                0x000002b9       0x2d /usr/local/lpcxpresso_7.3.0_186/lpcxpresso/tools/bin/../lib/gcc/arm-none-eabi/4.8.4/../../../../arm-none-eabi/lib/armv7-m/libc.a(lib_a-vfprintf.o)
 .ARM.attributes
                0x000002e6       0x2d /usr/local/lpcxpresso_7.3.0_186/lpcxpresso/tools/bin/../lib/gcc/arm-none-eabi/4.8.4/../../../../arm-none-eabi/lib/armv7-m/libc.a(lib_a-wsetup.o)
 .ARM.attributes
                0x00000313       0x2d /usr/local/lpcxpresso_7.3.0_186/lpcxpresso/tools/bin/../lib/gcc/arm-none-eabi/4.8.4/../../../../arm-none-eabi/lib/armv7-m/libc.a(lib_a-dtoa.o)
 .ARM.attributes
                0x00000340       0x2d /usr/local/lpcxpresso_7.3.0_186/lpcxpresso/tools/bin/../lib/gcc/arm-none-eabi/4.8.4/../../../../arm-none-eabi/lib/armv7-m/libc.a(lib_a-fflush.o)
 .ARM.attributes
                0x0000036d       0x2d /usr/local/lpcxpresso_7.3.0_186/lpcxpresso/tools/bin/../lib/gcc/arm-none-eabi/4.8.4/../../../../arm-none-eabi/lib/armv7-m/libc.a(lib_a-findfp.o)
 .ARM.attributes
                0x0000039a       0x2d /usr/local/lpcxpresso_7.3.0_186/lpcxpresso/tools/bin/../lib/gcc/arm-none-eabi/4.8.4/../../../../arm-none-eabi/lib/armv7-m/libc.a(lib_a-freer.o)
 .ARM.attributes
                0x000003c7       0x2d /usr/local/lpcxpresso_7.3.0_186/lpcxpresso/tools/bin/../lib/gcc/arm-none-eabi/4.8.4/../../../../arm-none-eabi/lib/armv7-m/libc.a(lib_a-fwalk.o)
 .ARM.attributes
                0x000003f4       0x2d /usr/local/lpcxpresso_7.3.0_186/lpcxpresso/tools/bin/../lib/gcc/arm-none-eabi/4.8.4/../../../../arm-none-eabi/lib/armv7-m/libc.a(lib_a-impure.o)
 .ARM.attributes
                0x00000421       0x2d /usr/local/lpcxpresso_7.3.0_186/lpcxpresso/tools/bin/../lib/gcc/arm-none-eabi/4.8.4/../../../../arm-none-eabi/lib/armv7-m/libc.a(lib_a-locale.o)
 .ARM.attributes
                0x0000044e       0x2d /usr/local/lpcxpresso_7.3.0_186/lpcxpresso/tools/bin/../lib/gcc/arm-none-eabi/4.8.4/../../../../arm-none-eabi/lib/armv7-m/libc.a(lib_a-makebuf.o)
 .ARM.attributes
                0x0000047b       0x2d /usr/local/lpcxpresso_7.3.0_186/lpcxpresso/tools/bin/../lib/gcc/arm-none-eabi/4.8.4/../../../../arm-none-eabi/lib/armv7-m/libc.a(lib_a-mallocr.o)
 .ARM.attributes
                0x000004a8       0x2d /usr/local/lpcxpresso_7.3.0_186/lpcxpresso/tools/bin/../lib/gcc/arm-none-eabi/4.8.4/../../../../arm-none-eabi/lib/armv7-m/libc.a(lib_a-memchr-stub.o)
 .ARM.attributes
                0x000004d5       0x1b /usr/local/lpcxpresso_7.3.0_186/lpcxpresso/tools/bin/../lib/gcc/arm-none-eabi/4.8.4/../../../../arm-none-eabi/lib/armv7-m/libc.a(lib_a-memcpy.o)
 .ARM.attributes
                0x000004f0       0x2d /usr/local/lpcxpresso_7.3.0_186/lpcxpresso/tools/bin/../lib/gcc/arm-none-eabi/4.8.4/../../../../arm-none-eabi/lib/armv7-m/libc.a(lib_a-memset.o)
 .ARM.attributes
                0x0000051d       0x2d /usr/local/lpcxpresso_7.3.0_186/lpcxpresso/tools/bin/../lib/gcc/arm-none-eabi/4.8.4/../../../../arm-none-eabi/lib/armv7-m/libc.a(lib_a-mlock.o)
 .ARM.attributes
                0x0000054a       0x2d /usr/local/lpcxpresso_7.3.0_186/lpcxpresso/tools/bin/../lib/gcc/arm-none-eabi/4.8.4/../../../../arm-none-eabi/lib/armv7-m/libc.a(lib_a-mprec.o)
 .ARM.attributes
                0x00000577       0x2d /usr/local/lpcxpresso_7.3.0_186/lpcxpresso/tools/bin/../lib/gcc/arm-none-eabi/4.8.4/../../../../arm-none-eabi/lib/armv7-m/libc.a(lib_a-s_fpclassify.o)
 .ARM.attributes
                0x000005a4       0x2d /usr/local/lpcxpresso_7.3.0_186/lpcxpresso/tools/bin/../lib/gcc/arm-none-eabi/4.8.4/../../../../arm-none-eabi/lib/armv7-m/libc.a(lib_a-sbrkr.o)
 .ARM.attributes
                0x000005d1       0x2d /usr/local/lpcxpresso_7.3.0_186/lpcxpresso/tools/bin/../lib/gcc/arm-none-eabi/4.8.4/../../../../arm-none-eabi/lib/armv7-m/libc.a(lib_a-stdio.o)
 .ARM.attributes
                0x000005fe       0x2d /usr/local/lpcxpresso_7.3.0_186/lpcxpresso/tools/bin/../lib/gcc/arm-none-eabi/4.8.4/../../../../arm-none-eabi/lib/armv7-m/libc.a(lib_a-strlen.o)
 .ARM.attributes
                0x0000062b       0x2d /usr/local/lpcxpresso_7.3.0_186/lpcxpresso/tools/bin/../lib/gcc/arm-none-eabi/4.8.4/../../../../arm-none-eabi/lib/armv7-m/libc.a(lib_a-vfiprintf.o)
 .ARM.attributes
                0x00000658       0x2d /usr/local/lpcxpresso_7.3.0_186/lpcxpresso/tools/bin/../lib/gcc/arm-none-eabi/4.8.4/../../../../arm-none-eabi/lib/armv7-m/libc.a(lib_a-writer.o)
 .ARM.attributes
                0x00000685       0x2d /usr/local/lpcxpresso_7.3.0_186/lpcxpresso/tools/bin/../lib/gcc/arm-none-eabi/4.8.4/../../../../arm-none-eabi/lib/armv7-m/libc.a(lib_a-callocr.o)
 .ARM.attributes
                0x000006b2       0x2d /usr/local/lpcxpresso_7.3.0_186/lpcxpresso/tools/bin/../lib/gcc/arm-none-eabi/4.8.4/../../../../arm-none-eabi/lib/armv7-m/libc.a(lib_a-closer.o)
 .ARM.attributes
                0x000006df       0x2d /usr/local/lpcxpresso_7.3.0_186/lpcxpresso/tools/bin/../lib/gcc/arm-none-eabi/4.8.4/../../../../arm-none-eabi/lib/armv7-m/libc.a(lib_a-fclose.o)
 .ARM.attributes
                0x0000070c       0x2d /usr/local/lpcxpresso_7.3.0_186/lpcxpresso/tools/bin/../lib/gcc/arm-none-eabi/4.8.4/../../../../arm-none-eabi/lib/armv7-m/libc.a(lib_a-fputwc.o)
 .ARM.attributes
                0x00000739       0x2d /usr/local/lpcxpresso_7.3.0_186/lpcxpresso/tools/bin/../lib/gcc/arm-none-eabi/4.8.4/../../../../arm-none-eabi/lib/armv7-m/libc.a(lib_a-fstatr.o)
 .ARM.attributes
                0x00000766       0x2d /usr/local/lpcxpresso_7.3.0_186/lpcxpresso/tools/bin/../lib/gcc/arm-none-eabi/4.8.4/../../../../arm-none-eabi/lib/armv7-m/libc.a(lib_a-fvwrite.o)
 .ARM.attributes
                0x00000793       0x2d /usr/local/lpcxpresso_7.3.0_186/lpcxpresso/tools/bin/../lib/gcc/arm-none-eabi/4.8.4/../../../../arm-none-eabi/lib/armv7-m/libc.a(lib_a-isattyr.o)
 .ARM.attributes
                0x000007c0       0x2d /usr/local/lpcxpresso_7.3.0_186/lpcxpresso/tools/bin/../lib/gcc/arm-none-eabi/4.8.4/../../../../arm-none-eabi/lib/armv7-m/libc.a(lib_a-lseekr.o)
 .ARM.attributes
                0x000007ed       0x2d /usr/local/lpcxpresso_7.3.0_186/lpcxpresso/tools/bin/../lib/gcc/arm-none-eabi/4.8.4/../../../../arm-none-eabi/lib/armv7-m/libc.a(lib_a-memmove.o)
 .ARM.attributes
                0x0000081a       0x2d /usr/local/lpcxpresso_7.3.0_186/lpcxpresso/tools/bin/../lib/gcc/arm-none-eabi/4.8.4/../../../../arm-none-eabi/lib/armv7-m/libc.a(lib_a-readr.o)
 .ARM.attributes
                0x00000847       0x2d /usr/local/lpcxpresso_7.3.0_186/lpcxpresso/tools/bin/../lib/gcc/arm-none-eabi/4.8.4/../../../../arm-none-eabi/lib/armv7-m/libc.a(lib_a-reallocr.o)
 .ARM.attributes
                0x00000874       0x2d /usr/local/lpcxpresso_7.3.0_186/lpcxpresso/tools/bin/../lib/gcc/arm-none-eabi/4.8.4/../../../../arm-none-eabi/lib/armv7-m/libc.a(lib_a-reent.o)
 .ARM.attributes
                0x000008a1       0x2d /usr/local/lpcxpresso_7.3.0_186/lpcxpresso/tools/bin/../lib/gcc/arm-none-eabi/4.8.4/../../../../arm-none-eabi/lib/armv7-m/libc.a(lib_a-wbuf.o)
 .ARM.attributes
                0x000008ce       0x2d /usr/local/lpcxpresso_7.3.0_186/lpcxpresso/tools/bin/../lib/gcc/arm-none-eabi/4.8.4/../../../../arm-none-eabi/lib/armv7-m/libc.a(lib_a-wcrtomb.o)
 .ARM.attributes
                0x000008fb       0x2d /usr/local/lpcxpresso_7.3.0_186/lpcxpresso/tools/bin/../lib/gcc/arm-none-eabi/4.8.4/../../../../arm-none-eabi/lib/armv7-m/libc.a(lib_a-wctomb_r.o)
 .ARM.attributes
                0x00000928       0x33 /usr/local/lpcxpresso_7.3.0_186/lpcxpresso/tools/bin/../lib/gcc/arm-none-eabi/4.8.4/../../../../arm-none-eabi/lib/armv7-m/libcr_newlib_semihost.a(_cr_sbrk.o)
 .ARM.attributes
                0x0000095b       0x33 /usr/local/lpcxpresso_7.3.0_186/lpcxpresso/tools/bin/../lib/gcc/arm-none-eabi/4.8.4/../../../../arm-none-eabi/lib/armv7-m/libcr_newlib_semihost.a(syscalls.o)
 .ARM.attributes
                0x0000098e       0x33 /usr/local/lpcxpresso_7.3.0_186/lpcxpresso/tools/bin/../lib/gcc/arm-none-eabi/4.8.4/../../../../arm-none-eabi/lib/armv7-m/libcr_newlib_semihost.a(_cr_check_heap.o)
 .ARM.attributes
                0x000009c1       0x1d /usr/local/lpcxpresso_7.3.0_186/lpcxpresso/tools/bin/../lib/gcc/arm-none-eabi/4.8.4/armv7-m/libgcc.a(_arm_addsubdf3.o)
 .ARM.attributes
                0x000009de       0x1d /usr/local/lpcxpresso_7.3.0_186/lpcxpresso/tools/bin/../lib/gcc/arm-none-eabi/4.8.4/armv7-m/libgcc.a(_arm_muldivdf3.o)
 .ARM.attributes
                0x000009fb       0x1d /usr/local/lpcxpresso_7.3.0_186/lpcxpresso/tools/bin/../lib/gcc/arm-none-eabi/4.8.4/armv7-m/libgcc.a(_arm_cmpdf2.o)
 .ARM.attributes
                0x00000a18       0x1d /usr/local/lpcxpresso_7.3.0_186/lpcxpresso/tools/bin/../lib/gcc/arm-none-eabi/4.8.4/armv7-m/libgcc.a(_arm_fixdfsi.o)
 .ARM.attributes
                0x00000a35       0x2d /usr/local/lpcxpresso_7.3.0_186/lpcxpresso/tools/bin/../lib/gcc/arm-none-eabi/4.8.4/../../../../arm-none-eabi/lib/armv7-m/libc.a(lib_a-errno.o)

.debug_frame    0x00000000     0x19f4
 .debug_frame   0x00000000      0x120 ./src/cr_startup_lpc17.o
 .debug_frame   0x00000120       0xf8 ./src/main.o
 .debug_frame   0x00000218       0x3c /home/jmbto/workspace/Lib_CMSISv1p30_LPC17xx/Debug/libCMSISv1p30_LPC17xx.a(system_LPC17xx.o)
 .debug_frame   0x00000254      0x1a8 /home/jmbto/workspace/Lib_EaBaseBoard/Debug/libLib_EaBaseBoard.a(light.o)
 .debug_frame   0x000003fc      0x238 /home/jmbto/workspace/Lib_MCU/Debug/libLib_MCU.a(lpc17xx_gpio.o)
 .debug_frame   0x00000634      0x210 /home/jmbto/workspace/Lib_MCU/Debug/libLib_MCU.a(lpc17xx_i2c.o)
 .debug_frame   0x00000844       0x20 /home/jmbto/workspace/Lib_MCU/Debug/libLib_MCU.a(lpc17xx_libcfg_default.o)
 .debug_frame   0x00000864       0x88 /home/jmbto/workspace/Lib_MCU/Debug/libLib_MCU.a(lpc17xx_pinsel.o)
 .debug_frame   0x000008ec       0xa0 /home/jmbto/workspace/Lib_MCU/Debug/libLib_MCU.a(lpc17xx_clkpwr.o)
 .debug_frame   0x0000098c       0x58 /usr/local/lpcxpresso_7.3.0_186/lpcxpresso/tools/bin/../lib/gcc/arm-none-eabi/4.8.4/armv7-m/libgcc.a(bpabi.o)
 .debug_frame   0x000009e4       0x34 /usr/local/lpcxpresso_7.3.0_186/lpcxpresso/tools/bin/../lib/gcc/arm-none-eabi/4.8.4/armv7-m/libgcc.a(_divdi3.o)
 .debug_frame   0x00000a18       0x34 /usr/local/lpcxpresso_7.3.0_186/lpcxpresso/tools/bin/../lib/gcc/arm-none-eabi/4.8.4/armv7-m/libgcc.a(_udivdi3.o)
 .debug_frame   0x00000a4c       0x5c /usr/local/lpcxpresso_7.3.0_186/lpcxpresso/tools/bin/../lib/gcc/arm-none-eabi/4.8.4/../../../../arm-none-eabi/lib/armv7-m/libc.a(lib_a-printf.o)
 .debug_frame   0x00000aa8       0x7c /usr/local/lpcxpresso_7.3.0_186/lpcxpresso/tools/bin/../lib/gcc/arm-none-eabi/4.8.4/../../../../arm-none-eabi/lib/armv7-m/libc.a(lib_a-vfprintf.o)
 .debug_frame   0x00000b24       0x2c /usr/local/lpcxpresso_7.3.0_186/lpcxpresso/tools/bin/../lib/gcc/arm-none-eabi/4.8.4/../../../../arm-none-eabi/lib/armv7-m/libc.a(lib_a-wsetup.o)
 .debug_frame   0x00000b50       0x64 /usr/local/lpcxpresso_7.3.0_186/lpcxpresso/tools/bin/../lib/gcc/arm-none-eabi/4.8.4/../../../../arm-none-eabi/lib/armv7-m/libc.a(lib_a-dtoa.o)
 .debug_frame   0x00000bb4       0x5c /usr/local/lpcxpresso_7.3.0_186/lpcxpresso/tools/bin/../lib/gcc/arm-none-eabi/4.8.4/../../../../arm-none-eabi/lib/armv7-m/libc.a(lib_a-fflush.o)
 .debug_frame   0x00000c10      0x110 /usr/local/lpcxpresso_7.3.0_186/lpcxpresso/tools/bin/../lib/gcc/arm-none-eabi/4.8.4/../../../../arm-none-eabi/lib/armv7-m/libc.a(lib_a-findfp.o)
 .debug_frame   0x00000d20       0x50 /usr/local/lpcxpresso_7.3.0_186/lpcxpresso/tools/bin/../lib/gcc/arm-none-eabi/4.8.4/../../../../arm-none-eabi/lib/armv7-m/libc.a(lib_a-freer.o)
 .debug_frame   0x00000d70       0x54 /usr/local/lpcxpresso_7.3.0_186/lpcxpresso/tools/bin/../lib/gcc/arm-none-eabi/4.8.4/../../../../arm-none-eabi/lib/armv7-m/libc.a(lib_a-fwalk.o)
 .debug_frame   0x00000dc4       0x98 /usr/local/lpcxpresso_7.3.0_186/lpcxpresso/tools/bin/../lib/gcc/arm-none-eabi/4.8.4/../../../../arm-none-eabi/lib/armv7-m/libc.a(lib_a-locale.o)
 .debug_frame   0x00000e5c       0x30 /usr/local/lpcxpresso_7.3.0_186/lpcxpresso/tools/bin/../lib/gcc/arm-none-eabi/4.8.4/../../../../arm-none-eabi/lib/armv7-m/libc.a(lib_a-makebuf.o)
 .debug_frame   0x00000e8c       0x38 /usr/local/lpcxpresso_7.3.0_186/lpcxpresso/tools/bin/../lib/gcc/arm-none-eabi/4.8.4/../../../../arm-none-eabi/lib/armv7-m/libc.a(lib_a-mallocr.o)
 .debug_frame   0x00000ec4       0x2c /usr/local/lpcxpresso_7.3.0_186/lpcxpresso/tools/bin/../lib/gcc/arm-none-eabi/4.8.4/../../../../arm-none-eabi/lib/armv7-m/libc.a(lib_a-memchr-stub.o)
 .debug_frame   0x00000ef0       0x2c /usr/local/lpcxpresso_7.3.0_186/lpcxpresso/tools/bin/../lib/gcc/arm-none-eabi/4.8.4/../../../../arm-none-eabi/lib/armv7-m/libc.a(lib_a-memset.o)
 .debug_frame   0x00000f1c       0x30 /usr/local/lpcxpresso_7.3.0_186/lpcxpresso/tools/bin/../lib/gcc/arm-none-eabi/4.8.4/../../../../arm-none-eabi/lib/armv7-m/libc.a(lib_a-mlock.o)
 .debug_frame   0x00000f4c      0x228 /usr/local/lpcxpresso_7.3.0_186/lpcxpresso/tools/bin/../lib/gcc/arm-none-eabi/4.8.4/../../../../arm-none-eabi/lib/armv7-m/libc.a(lib_a-mprec.o)
 .debug_frame   0x00001174       0x28 /usr/local/lpcxpresso_7.3.0_186/lpcxpresso/tools/bin/../lib/gcc/arm-none-eabi/4.8.4/../../../../arm-none-eabi/lib/armv7-m/libc.a(lib_a-s_fpclassify.o)
 .debug_frame   0x0000119c       0x2c /usr/local/lpcxpresso_7.3.0_186/lpcxpresso/tools/bin/../lib/gcc/arm-none-eabi/4.8.4/../../../../arm-none-eabi/lib/armv7-m/libc.a(lib_a-sbrkr.o)
 .debug_frame   0x000011c8       0x80 /usr/local/lpcxpresso_7.3.0_186/lpcxpresso/tools/bin/../lib/gcc/arm-none-eabi/4.8.4/../../../../arm-none-eabi/lib/armv7-m/libc.a(lib_a-stdio.o)
 .debug_frame   0x00001248       0x20 /usr/local/lpcxpresso_7.3.0_186/lpcxpresso/tools/bin/../lib/gcc/arm-none-eabi/4.8.4/../../../../arm-none-eabi/lib/armv7-m/libc.a(lib_a-strlen.o)
 .debug_frame   0x00001268       0xb8 /usr/local/lpcxpresso_7.3.0_186/lpcxpresso/tools/bin/../lib/gcc/arm-none-eabi/4.8.4/../../../../arm-none-eabi/lib/armv7-m/libc.a(lib_a-vfiprintf.o)
 .debug_frame   0x00001320       0x2c /usr/local/lpcxpresso_7.3.0_186/lpcxpresso/tools/bin/../lib/gcc/arm-none-eabi/4.8.4/../../../../arm-none-eabi/lib/armv7-m/libc.a(lib_a-writer.o)
 .debug_frame   0x0000134c       0x28 /usr/local/lpcxpresso_7.3.0_186/lpcxpresso/tools/bin/../lib/gcc/arm-none-eabi/4.8.4/../../../../arm-none-eabi/lib/armv7-m/libc.a(lib_a-callocr.o)
 .debug_frame   0x00001374       0x2c /usr/local/lpcxpresso_7.3.0_186/lpcxpresso/tools/bin/../lib/gcc/arm-none-eabi/4.8.4/../../../../arm-none-eabi/lib/armv7-m/libc.a(lib_a-closer.o)
 .debug_frame   0x000013a0       0x3c /usr/local/lpcxpresso_7.3.0_186/lpcxpresso/tools/bin/../lib/gcc/arm-none-eabi/4.8.4/../../../../arm-none-eabi/lib/armv7-m/libc.a(lib_a-fclose.o)
 .debug_frame   0x000013dc       0x50 /usr/local/lpcxpresso_7.3.0_186/lpcxpresso/tools/bin/../lib/gcc/arm-none-eabi/4.8.4/../../../../arm-none-eabi/lib/armv7-m/libc.a(lib_a-fputwc.o)
 .debug_frame   0x0000142c       0x2c /usr/local/lpcxpresso_7.3.0_186/lpcxpresso/tools/bin/../lib/gcc/arm-none-eabi/4.8.4/../../../../arm-none-eabi/lib/armv7-m/libc.a(lib_a-fstatr.o)
 .debug_frame   0x00001458       0x38 /usr/local/lpcxpresso_7.3.0_186/lpcxpresso/tools/bin/../lib/gcc/arm-none-eabi/4.8.4/../../../../arm-none-eabi/lib/armv7-m/libc.a(lib_a-fvwrite.o)
 .debug_frame   0x00001490       0x2c /usr/local/lpcxpresso_7.3.0_186/lpcxpresso/tools/bin/../lib/gcc/arm-none-eabi/4.8.4/../../../../arm-none-eabi/lib/armv7-m/libc.a(lib_a-isattyr.o)
 .debug_frame   0x000014bc       0x2c /usr/local/lpcxpresso_7.3.0_186/lpcxpresso/tools/bin/../lib/gcc/arm-none-eabi/4.8.4/../../../../arm-none-eabi/lib/armv7-m/libc.a(lib_a-lseekr.o)
 .debug_frame   0x000014e8       0x2c /usr/local/lpcxpresso_7.3.0_186/lpcxpresso/tools/bin/../lib/gcc/arm-none-eabi/4.8.4/../../../../arm-none-eabi/lib/armv7-m/libc.a(lib_a-memmove.o)
 .debug_frame   0x00001514       0x2c /usr/local/lpcxpresso_7.3.0_186/lpcxpresso/tools/bin/../lib/gcc/arm-none-eabi/4.8.4/../../../../arm-none-eabi/lib/armv7-m/libc.a(lib_a-readr.o)
 .debug_frame   0x00001540       0x38 /usr/local/lpcxpresso_7.3.0_186/lpcxpresso/tools/bin/../lib/gcc/arm-none-eabi/4.8.4/../../../../arm-none-eabi/lib/armv7-m/libc.a(lib_a-reallocr.o)
 .debug_frame   0x00001578       0x48 /usr/local/lpcxpresso_7.3.0_186/lpcxpresso/tools/bin/../lib/gcc/arm-none-eabi/4.8.4/../../../../arm-none-eabi/lib/armv7-m/libc.a(lib_a-reent.o)
 .debug_frame   0x000015c0       0x40 /usr/local/lpcxpresso_7.3.0_186/lpcxpresso/tools/bin/../lib/gcc/arm-none-eabi/4.8.4/../../../../arm-none-eabi/lib/armv7-m/libc.a(lib_a-wbuf.o)
 .debug_frame   0x00001600       0x58 /usr/local/lpcxpresso_7.3.0_186/lpcxpresso/tools/bin/../lib/gcc/arm-none-eabi/4.8.4/../../../../arm-none-eabi/lib/armv7-m/libc.a(lib_a-wcrtomb.o)
 .debug_frame   0x00001658       0x44 /usr/local/lpcxpresso_7.3.0_186/lpcxpresso/tools/bin/../lib/gcc/arm-none-eabi/4.8.4/../../../../arm-none-eabi/lib/armv7-m/libc.a(lib_a-wctomb_r.o)
 .debug_frame   0x0000169c       0x2c /usr/local/lpcxpresso_7.3.0_186/lpcxpresso/tools/bin/../lib/gcc/arm-none-eabi/4.8.4/../../../../arm-none-eabi/lib/armv7-m/libcr_newlib_semihost.a(_cr_sbrk.o)
 .debug_frame   0x000016c8      0x2ec /usr/local/lpcxpresso_7.3.0_186/lpcxpresso/tools/bin/../lib/gcc/arm-none-eabi/4.8.4/../../../../arm-none-eabi/lib/armv7-m/libcr_newlib_semihost.a(syscalls.o)
 .debug_frame   0x000019b4       0x20 /usr/local/lpcxpresso_7.3.0_186/lpcxpresso/tools/bin/../lib/gcc/arm-none-eabi/4.8.4/../../../../arm-none-eabi/lib/armv7-m/libcr_newlib_semihost.a(_cr_check_heap.o)
 .debug_frame   0x000019d4       0x20 /usr/local/lpcxpresso_7.3.0_186/lpcxpresso/tools/bin/../lib/gcc/arm-none-eabi/4.8.4/../../../../arm-none-eabi/lib/armv7-m/libc.a(lib_a-errno.o)

.debug_loc      0x00000000     0x2a4d
 .debug_loc     0x00000000      0x337 /home/jmbto/workspace/Lib_EaBaseBoard/Debug/libLib_EaBaseBoard.a(light.o)
 .debug_loc     0x00000337      0xa60 /home/jmbto/workspace/Lib_MCU/Debug/libLib_MCU.a(lpc17xx_gpio.o)
 .debug_loc     0x00000d97      0xb4b /home/jmbto/workspace/Lib_MCU/Debug/libLib_MCU.a(lpc17xx_i2c.o)
 .debug_loc     0x000018e2      0x1c6 /home/jmbto/workspace/Lib_MCU/Debug/libLib_MCU.a(lpc17xx_pinsel.o)
 .debug_loc     0x00001aa8      0x1a8 /home/jmbto/workspace/Lib_MCU/Debug/libLib_MCU.a(lpc17xx_clkpwr.o)
 .debug_loc     0x00001c50       0x47 /usr/local/lpcxpresso_7.3.0_186/lpcxpresso/tools/bin/../lib/gcc/arm-none-eabi/4.8.4/../../../../arm-none-eabi/lib/armv7-m/libcr_newlib_semihost.a(_cr_sbrk.o)
 .debug_loc     0x00001c97      0xd7c /usr/local/lpcxpresso_7.3.0_186/lpcxpresso/tools/bin/../lib/gcc/arm-none-eabi/4.8.4/../../../../arm-none-eabi/lib/armv7-m/libcr_newlib_semihost.a(syscalls.o)
 .debug_loc     0x00002a13       0x3a /usr/local/lpcxpresso_7.3.0_186/lpcxpresso/tools/bin/../lib/gcc/arm-none-eabi/4.8.4/../../../../arm-none-eabi/lib/armv7-m/libcr_newlib_semihost.a(_cr_check_heap.o)
